341079 /sig/$(channel)/mh125/ggf/
341080 /sig/$(channel)/mh125/vbf/
345323 /sig/$(channel)/mh125/vbf/
343393 /sig/$(channel)/mh125/ggf/
345324 /sig/$(channel)/mh125/ggf/
341122 /sig/$(channel)/mh125/htt/ggf/
341155 /sig/$(channel)/mh125/htt/vbf/

341421 /sig/$(channel)/mh125/vh/wh/
341422 /sig/$(channel)/mh125/vh/wh/
341423 /sig/$(channel)/mh125/vh/wh/
341424 /sig/$(channel)/mh125/vh/wh/
341425 /sig/$(channel)/mh125/vh/wh/
341426 /sig/$(channel)/mh125/vh/wh/
341427 /sig/$(channel)/mh125/vh/wh/
341428 /sig/$(channel)/mh125/vh/wh/
341429 /sig/$(channel)/mh125/vh/wh/
341430 /sig/$(channel)/mh125/vh/wh/
341431 /sig/$(channel)/mh125/vh/wh/
341432 /sig/$(channel)/mh125/vh/wh/
341433 /sig/$(channel)/mh125/vh/wh/
341434 /sig/$(channel)/mh125/vh/wh/
341435 /sig/$(channel)/mh125/vh/wh/
341436 /sig/$(channel)/mh125/vh/wh/
345325 /sig/$(channel)/mh125/vh/wh/
345326 /sig/$(channel)/mh125/vh/wh/
345327 /sig/$(channel)/mh125/vh/wh/
345433 /sig/$(channel)/mh125/vh/wh/

341449 /sig/$(channel)/mh125/vh/zh/qq/
341450 /sig/$(channel)/mh125/vh/zh/qq/
341451 /sig/$(channel)/mh125/vh/zh/qq/
341452 /sig/$(channel)/mh125/vh/zh/qq/
341453 /sig/$(channel)/mh125/vh/zh/qq/
341454 /sig/$(channel)/mh125/vh/zh/qq/
341455 /sig/$(channel)/mh125/vh/zh/qq/
341456 /sig/$(channel)/mh125/vh/zh/qq/
341457 /sig/$(channel)/mh125/vh/zh/qq/
341458 /sig/$(channel)/mh125/vh/zh/qq/
341459 /sig/$(channel)/mh125/vh/zh/qq/
341460 /sig/$(channel)/mh125/vh/zh/qq/
341461 /sig/$(channel)/mh125/vh/zh/qq/
345336 /sig/$(channel)/mh125/vh/zh/qq/
345337 /sig/$(channel)/mh125/vh/zh/qq/
345445 /sig/$(channel)/mh125/vh/zh/qq/

344376 /sig/$(channel)/mh125/vh/zh/gg/
344377 /sig/$(channel)/mh125/vh/zh/gg/
344378 /sig/$(channel)/mh125/vh/zh/gg/
344379 /sig/$(channel)/mh125/vh/zh/gg/
344380 /sig/$(channel)/mh125/vh/zh/gg/
344381 /sig/$(channel)/mh125/vh/zh/gg/
344382 /sig/$(channel)/mh125/vh/zh/gg/
344383 /sig/$(channel)/mh125/vh/zh/gg/
344384 /sig/$(channel)/mh125/vh/zh/gg/
344385 /sig/$(channel)/mh125/vh/zh/gg/
344386 /sig/$(channel)/mh125/vh/zh/gg/
344387 /sig/$(channel)/mh125/vh/zh/gg/
345446 /sig/$(channel)/mh125/vh/zh/gg/

343475 /sig/$(channel)/mh125/CPSMeven/
343987 /sig/$(channel)/mh125/CPSMeven/
343476 /sig/$(channel)/mh125/CPmixed/
343988 /sig/$(channel)/mh125/CPmixed/
343477 /sig/$(channel)/mh125/CPodd/
343989 /sig/$(channel)/mh125/CPodd/

345465 /sig/$(channel)/mh125/CPSMeven/
345466 /sig/$(channel)/mh125/CPodd/
345467 /sig/$(channel)/mh125/CPmixed/
345339 /sig/$(channel)/mh125/MG5FxFx/

# top backgrounds classification scheme:
#   generators:
#     PoPy: Powheg + Pythia6
#     PoPy8: Powheg + Pythia8
#     PoHer: Powheg + Herwig++
#     aMCHer: aMC@NLO + Herwig++
#     Sherpa
#     MGLO: MadGraph + Pythia8 (in H_T, MET slices)
#     MGNLO: MadGraph5_aMC@NLO + Pythia8
#   ttbar interference removal scheme for Wt:
#     DR: diagram removal
#     DS: diagram subtraction
#   variations:
#     nom: nominal scale, tune
#     lo: scale = 2.0, radLo tune
#     hi: scale = 0.5, radHi tune
#   final states:
#     dilep
#     3l
#     lpjets: positive charge lepton plus jets
#     lmjets: negative charge lepton plus jets
#     AH: all-hadronic
#     NAH: non-all-hadronic (i.e. excluding all-hadronic)
#   filters:
#     onelep_filter
#     dilep_filter
#     Mjj: 100 GeV < Mjj < 2500 GeV filter
407200 /bkg/$(channel)/top/ttbar/MGLO/incl/
407201 /bkg/$(channel)/top/ttbar/MGLO/incl/
407202 /bkg/$(channel)/top/ttbar/MGLO/incl/
407203 /bkg/$(channel)/top/ttbar/MGLO/incl/
407204 /bkg/$(channel)/top/ttbar/MGLO/incl/
343852 /bkg/$(channel)/top/ttbar/MGLO/dilep_filter/Mjj/Np0/
343853 /bkg/$(channel)/top/ttbar/MGLO/dilep_filter/Mjj/Np1/
343854 /bkg/$(channel)/top/ttbar/MGLO/dilep_filter/Mjj/Np2/
410159 /bkg/$(channel)/top/ttbar/MGNLO/
410000 /bkg/$(channel)/top/ttbar/PoPy/NAH/nom/
410001 /bkg/$(channel)/top/ttbar/PoPy/NAH/hi/
410002 /bkg/$(channel)/top/ttbar/PoPy/NAH/lo/
343362 /bkg/$(channel)/top/ttbar/PoPy/dilep_filter/Mjj/
344171 /bkg/$(channel)/top/ttbar/PoPy/4l_filter/
410006 /bkg/$(channel)/top/ttbar/PoPy8/NAH/
410500 /bkg/$(channel)/top/ttbar/PoPy8/onelep_filter/
410009 /bkg/$(channel)/top/ttbar/PoPy6/dilep_filter/
410503 /bkg/$(channel)/top/ttbar/PoPy8/dilep_filter/
410003 /bkg/$(channel)/top/ttbar/aMCHer/NAH/
410004 /bkg/$(channel)/top/ttbar/PoHer/NAH/
410021 /bkg/$(channel)/top/ttbar/Sherpa/dilep/
410022 /bkg/$(channel)/top/ttbar/Sherpa/lmjets/
410023 /bkg/$(channel)/top/ttbar/Sherpa/lpjets/
410189 /bkg/$(channel)/top/ttbar/Sherpa2p2/dilep/
410226 /bkg/$(channel)/top/ttbar/aMCnloPythia8/
429007 /bkg/$(channel)/top/ttbar/unknown/

410011 /bkg/$(channel)/top/singletop/tchan/nom/top/
410012 /bkg/$(channel)/top/singletop/tchan/nom/antitop/
410017 /bkg/$(channel)/top/singletop/tchan/lo/top/
410018 /bkg/$(channel)/top/singletop/tchan/hi/top/
410019 /bkg/$(channel)/top/singletop/tchan/lo/antitop/
410020 /bkg/$(channel)/top/singletop/tchan/hi/antitop/
410025 /bkg/$(channel)/top/singletop/schan/nom/top/
410026 /bkg/$(channel)/top/singletop/schan/nom/antitop/
410107 /bkg/$(channel)/top/singletop/schan/hi/top/
410108 /bkg/$(channel)/top/singletop/schan/lo/top/
410109 /bkg/$(channel)/top/singletop/schan/hi/antitop/
410110 /bkg/$(channel)/top/singletop/schan/lo/antitop/
410015 /bkg/$(channel)/top/singletop/Wt/PoPy/dilep/DR/nom/top/
410016 /bkg/$(channel)/top/singletop/Wt/PoPy/dilep/DR/nom/antitop/
410064 /bkg/$(channel)/top/singletop/Wt/PoPy/dilep/DS/top/
410065 /bkg/$(channel)/top/singletop/Wt/PoPy/dilep/DS/antitop/
410103 /bkg/$(channel)/top/singletop/Wt/PoPy/dilep/DR/hi/top/
410104 /bkg/$(channel)/top/singletop/Wt/PoPy/dilep/DR/lo/top/
410105 /bkg/$(channel)/top/singletop/Wt/PoPy/dilep/DR/hi/antitop/
410106 /bkg/$(channel)/top/singletop/Wt/PoPy/dilep/DR/lo/antitop/
410145 /bkg/$(channel)/top/singletop/Wt/PoHer/dilep/DR/top/
410146 /bkg/$(channel)/top/singletop/Wt/PoHer/dilep/DR/antitop/
410049 /bkg/$(channel)/top/singletop/tZ/3l/nom/
410050 /bkg/$(channel)/top/singletop/tZ/NAH/nom/
410151 /bkg/$(channel)/top/singletop/tZ/NAH/lo/
410152 /bkg/$(channel)/top/singletop/tZ/NAH/hi/
410153 /bkg/$(channel)/top/singletop/tZ/3l/lo/
410154 /bkg/$(channel)/top/singletop/tZ/3l/hi/

410066 /bkg/$(channel)/top/ttV/ttW/Np0/
410067 /bkg/$(channel)/top/ttV/ttW/Np1/
410068 /bkg/$(channel)/top/ttV/ttW/Np2/
410069 /bkg/$(channel)/top/ttV/ttZ/Np0/
410070 /bkg/$(channel)/top/ttV/ttZ/Np1/

# diboson backgrounds classification scheme:
#   VBS: vector boson scattering, final state (4-n)l,nv,2j
#   H: Higgs propagator diagrams only
#   B: Non-Higgs diagrams only
#   HB: Higgs, Background, and interference (cross term) diagrams
#   m4l: m4l > 100 GeV cut included
#   ZZcuts: 66 GeV < mll, mjj < 116 GeV; m2l2j > 200 GeV
#   SHv21_improved: not sure, couldn't find information on JIRA; JOs differ slightly

361063 /bkg/$(channel)/diboson/NonWW/qq/ZZ/4l/Sherpa/2p1/
363490 /bkg/$(channel)/diboson/NonWW/qq/ZZ/4l/Sherpa/2p2p1/
364250 /bkg/$(channel)/diboson/NonWW/qq/ZZ/4l/Sherpa/2p2p2/
364288 /bkg/$(channel)/diboson/NonWW/qq/ZZ/4l/Sherpa_lowMass/2p2p2/

363493 /bkg/$(channel)/diboson/NonWW/qq/lvvv/
363494 /bkg/$(channel)/diboson/NonWW/qq/vvvv/

361086 /bkg/$(channel)/diboson/NonWW/qq/ZZ/Vqq/llqq/Sherpa/
361087 /bkg/$(channel)/diboson/NonWW/qq/ZZ/Vqq/vvqq/Sherpa/
361072 /bkg/$(channel)/diboson/NonWW/qq/ZZ/VBS/

361073 /bkg/$(channel)/diboson/NonWW/gg/ZZ/4l/HB/
361074 /bkg/$(channel)/diboson/NonWW/gg/ZZ/4l/HB_m4l/
361075 /bkg/$(channel)/diboson/NonWW/gg/ZZ/4l/B/
361076 /bkg/$(channel)/diboson/NonWW/gg/ZZ/4l/H/

361064 /bkg/$(channel)/diboson/NonWW/qq/WZgammaStar/WZ/lvll/Sherpa/2p1/
361065 /bkg/$(channel)/diboson/NonWW/qq/WZgammaStar/WZ/lvll/Sherpa/2p1/
361066 /bkg/$(channel)/diboson/NonWW/qq/WZgammaStar/WZ/lvll/Sherpa/2p1/
361067 /bkg/$(channel)/diboson/NonWW/qq/WZgammaStar/WZ/lvll/Sherpa/2p1/
363491 /bkg/$(channel)/diboson/NonWW/qq/WZgammaStar/WZ/lvll/Sherpa/2p2p1/
364253 /bkg/$(channel)/diboson/NonWW/qq/WZgammaStar/WZ/lvll/Sherpa/2p2p2/
364289 /bkg/$(channel)/diboson/NonWW/qq/WZgammaStar/WZ/lvll/Sherpa_lowMass/2p2p2/

364261 /bkg/$(channel)/diboson/NonWW/qq/WZgammaStar/WZ/lvll/Sherpa/2p2p2/
361083 /bkg/$(channel)/diboson/NonWW/qq/WZgammaStar/WZ/Vqq/lvqq/Sherpa/
361084 /bkg/$(channel)/diboson/NonWW/qq/WZgammaStar/WZ/Vqq/qqll/Sherpa/
361085 /bkg/$(channel)/diboson/NonWW/qq/WZgammaStar/WZ/Vqq/qqvv/Sherpa/
361071 /bkg/$(channel)/diboson/NonWW/qq/WZgammaStar/WZ/VBS/

361068 /bkg/$(channel)/diboson/WW/qq/lvlv/Sherpa/2p1/
363492 /bkg/$(channel)/diboson/WW/qq/lvlv/Sherpa/2p2p1/
364254 /bkg/$(channel)/diboson/WW/qq/lvlv/Sherpa/2p2p2/
364290 /bkg/$(channel)/diboson/WW/qq/lvlv/Sherpa_lowMass/2p2p2/

361081 /bkg/$(channel)/diboson/WW/qq/Vqq/lvqq/Sherpa/
361082 /bkg/$(channel)/diboson/WW/qq/Vqq/lvqq/Sherpa/
361069 /bkg/$(channel)/diboson/WW/qq/VBS/QCD/
361070 /bkg/$(channel)/diboson/WW/qq/VBS/EW/nom/
361598 /bkg/$(channel)/diboson/WW/qq/VBS/EW/Mjj/B/
361499 /bkg/$(channel)/diboson/WW/qq/VBS/EW/Mjj/HB/

361077 /bkg/$(channel)/diboson/WW/gg/lvlv/HB/
361078 /bkg/$(channel)/diboson/WW/gg/lvlv/B/
361079 /bkg/$(channel)/diboson/WW/gg/lvlv/H/
361080 /bkg/$(channel)/diboson/WW/gg/lvlv/HB_ZZcuts/

361090 /bkg/$(channel)/diboson/NonWW/qq/ZZ/4l/Sherpa_m4l/
361091 /bkg/$(channel)/diboson/WW/qq/Vqq/lvqq/Sherpa_SHv12_improved/
361092 /bkg/$(channel)/diboson/WW/qq/Vqq/lvqq/Sherpa_SHv12_improved/
361093 /bkg/$(channel)/diboson/NonWW/qq/WZgammaStar/WZ/Vqq/lvqq/Sherpa_SHv12_improved/
361094 /bkg/$(channel)/diboson/NonWW/qq/WZgammaStar/WZ/Vqq/qqll/Sherpa_SHv12_improved/
361095 /bkg/$(channel)/diboson/NonWW/qq/WZgammaStar/WZ/Vqq/qqvv/Sherpa_SHv12_improved/
361096 /bkg/$(channel)/diboson/NonWW/qq/ZZ/Vqq/llqq/Sherpa_SHv12_improved/
361097 /bkg/$(channel)/diboson/NonWW/qq/ZZ/Vqq/vvqq/Sherpa_SHv12_improved/

361591 /bkg/$(channel)/diboson/WW/qq/lvlv/PoHer/
# Powheg here means Powheg+Pythia8
361603 /bkg/$(channel)/diboson/NonWW/qq/ZZ/4l/Powheg/
361604 /bkg/$(channel)/diboson/NonWW/qq/ZZ/vvll/
361605 /bkg/$(channel)/diboson/NonWW/qq/ZZ/4v/
361610 /bkg/$(channel)/diboson/NonWW/qq/ZZ/Vqq/llqq/Powheg/
361611 /bkg/$(channel)/diboson/NonWW/qq/ZZ/Vqq/vvqq/Powheg/
361601 /bkg/$(channel)/diboson/NonWW/qq/WZgammaStar/WZ/lvll/Powheg/
361602 /bkg/$(channel)/diboson/NonWW/qq/WZgammaStar/WZ/lvvv/
361607 /bkg/$(channel)/diboson/NonWW/qq/WZgammaStar/WZ/Vqq/qqll/Powheg/
361608 /bkg/$(channel)/diboson/NonWW/qq/WZgammaStar/WZ/Vqq/qqvv/Powheg/
361600 /bkg/$(channel)/diboson/WW/qq/lvlv/Powheg/
343482 /bkg/$(channel)/diboson/WW/qq/lvlv/Powheg_Mjj/
361606 /bkg/$(channel)/diboson/WW/qq/Vqq/lvqq/Powheg/

342099 /bkg/$(channel)/triboson/WWW/VBFNLO/
342100 /bkg/$(channel)/triboson/WWW/VBFNLO/
361620 /bkg/$(channel)/triboson/WWW/Sherpa/2p1/NLO/
361621 /bkg/$(channel)/triboson/WWZ/Sherpa/2p1/NLO/
361622 /bkg/$(channel)/triboson/WWZ/Sherpa/2p1/NLO/
361623 /bkg/$(channel)/triboson/WZZ/Sherpa/2p1/
361624 /bkg/$(channel)/triboson/WZZ/Sherpa/2p1/
361625 /bkg/$(channel)/triboson/ZZZ/Sherpa/2p1/
361626 /bkg/$(channel)/triboson/ZZZ/Sherpa/2p1/
361627 /bkg/$(channel)/triboson/ZZZ/Sherpa/2p1/

364242 /bkg/$(channel)/triboson/WWW/Sherpa/2p2p2/NLO/
364243 /bkg/$(channel)/triboson/WWZ/Sherpa/2p2p2/NLO/
345584 /bkg/$(channel)/triboson/WWW/AMCNLO/
345585 /bkg/$(channel)/triboson/WWZ/AMCNLO/

407313 /bkg/$(channel)/triboson/WWZ/Sherpa/2p2p1/offshell/
407314 /bkg/$(channel)/triboson/WWW/Sherpa/2p2p1/offshell/

361106 /bkg/$(channel)/Zjets/Nom/DY/ee/
361107 /bkg/$(channel)/Zjets/Nom/DY/mm/
361108 /bkg/$(channel)/Zjets/Nom/DY/tt/

301000 /bkg/$(channel)/Zjets/Nom/DY/ee/
301001 /bkg/$(channel)/Zjets/Nom/DY/ee/
301002 /bkg/$(channel)/Zjets/Nom/DY/ee/
301003 /bkg/$(channel)/Zjets/Nom/DY/ee/
301004 /bkg/$(channel)/Zjets/Nom/DY/ee/
301005 /bkg/$(channel)/Zjets/Nom/DY/ee/
301006 /bkg/$(channel)/Zjets/Nom/DY/ee/
301007 /bkg/$(channel)/Zjets/Nom/DY/ee/
301008 /bkg/$(channel)/Zjets/Nom/DY/ee/
301009 /bkg/$(channel)/Zjets/Nom/DY/ee/
301010 /bkg/$(channel)/Zjets/Nom/DY/ee/
301011 /bkg/$(channel)/Zjets/Nom/DY/ee/
301012 /bkg/$(channel)/Zjets/Nom/DY/ee/
301013 /bkg/$(channel)/Zjets/Nom/DY/ee/
301014 /bkg/$(channel)/Zjets/Nom/DY/ee/
301015 /bkg/$(channel)/Zjets/Nom/DY/ee/
301016 /bkg/$(channel)/Zjets/Nom/DY/ee/
301017 /bkg/$(channel)/Zjets/Nom/DY/ee/
301018 /bkg/$(channel)/Zjets/Nom/DY/ee/

301020 /bkg/$(channel)/Zjets/Nom/DY/mm/
301021 /bkg/$(channel)/Zjets/Nom/DY/mm/
301022 /bkg/$(channel)/Zjets/Nom/DY/mm/
301023 /bkg/$(channel)/Zjets/Nom/DY/mm/
301024 /bkg/$(channel)/Zjets/Nom/DY/mm/
301025 /bkg/$(channel)/Zjets/Nom/DY/mm/
301026 /bkg/$(channel)/Zjets/Nom/DY/mm/
301027 /bkg/$(channel)/Zjets/Nom/DY/mm/
301028 /bkg/$(channel)/Zjets/Nom/DY/mm/
301029 /bkg/$(channel)/Zjets/Nom/DY/mm/
301030 /bkg/$(channel)/Zjets/Nom/DY/mm/
301031 /bkg/$(channel)/Zjets/Nom/DY/mm/
301032 /bkg/$(channel)/Zjets/Nom/DY/mm/
301033 /bkg/$(channel)/Zjets/Nom/DY/mm/
301034 /bkg/$(channel)/Zjets/Nom/DY/mm/
301035 /bkg/$(channel)/Zjets/Nom/DY/mm/
301036 /bkg/$(channel)/Zjets/Nom/DY/mm/
301037 /bkg/$(channel)/Zjets/Nom/DY/mm/
301038 /bkg/$(channel)/Zjets/Nom/DY/mm/

301040 /bkg/$(channel)/Zjets/Nom/DY/tt/
301041 /bkg/$(channel)/Zjets/Nom/DY/tt/
301042 /bkg/$(channel)/Zjets/Nom/DY/tt/
301043 /bkg/$(channel)/Zjets/Nom/DY/tt/
301044 /bkg/$(channel)/Zjets/Nom/DY/tt/
301045 /bkg/$(channel)/Zjets/Nom/DY/tt/
301046 /bkg/$(channel)/Zjets/Nom/DY/tt/
301047 /bkg/$(channel)/Zjets/Nom/DY/tt/
301048 /bkg/$(channel)/Zjets/Nom/DY/tt/
301049 /bkg/$(channel)/Zjets/Nom/DY/tt/
301050 /bkg/$(channel)/Zjets/Nom/DY/tt/
301051 /bkg/$(channel)/Zjets/Nom/DY/tt/
301052 /bkg/$(channel)/Zjets/Nom/DY/tt/
301053 /bkg/$(channel)/Zjets/Nom/DY/tt/
301054 /bkg/$(channel)/Zjets/Nom/DY/tt/
301055 /bkg/$(channel)/Zjets/Nom/DY/tt/
301056 /bkg/$(channel)/Zjets/Nom/DY/tt/
301057 /bkg/$(channel)/Zjets/Nom/DY/tt/
301058 /bkg/$(channel)/Zjets/Nom/DY/tt/

361372 /bkg/$(channel)/Zjets/Nom/DY/ee/
361373 /bkg/$(channel)/Zjets/Nom/DY/ee/
361374 /bkg/$(channel)/Zjets/Nom/DY/ee/
361375 /bkg/$(channel)/Zjets/Nom/DY/ee/
361376 /bkg/$(channel)/Zjets/Nom/DY/ee/
361377 /bkg/$(channel)/Zjets/Nom/DY/ee/
361378 /bkg/$(channel)/Zjets/Nom/DY/ee/
361379 /bkg/$(channel)/Zjets/Nom/DY/ee/
361380 /bkg/$(channel)/Zjets/Nom/DY/ee/
361381 /bkg/$(channel)/Zjets/Nom/DY/ee/
361382 /bkg/$(channel)/Zjets/Nom/DY/ee/
361383 /bkg/$(channel)/Zjets/Nom/DY/ee/
361384 /bkg/$(channel)/Zjets/Nom/DY/ee/
361385 /bkg/$(channel)/Zjets/Nom/DY/ee/
361386 /bkg/$(channel)/Zjets/Nom/DY/ee/
361387 /bkg/$(channel)/Zjets/Nom/DY/ee/
361388 /bkg/$(channel)/Zjets/Nom/DY/ee/
361389 /bkg/$(channel)/Zjets/Nom/DY/ee/
361390 /bkg/$(channel)/Zjets/Nom/DY/ee/
361391 /bkg/$(channel)/Zjets/Nom/DY/ee/
361392 /bkg/$(channel)/Zjets/Nom/DY/ee/
361393 /bkg/$(channel)/Zjets/Nom/DY/ee/
361394 /bkg/$(channel)/Zjets/Nom/DY/ee/
361395 /bkg/$(channel)/Zjets/Nom/DY/ee/

361396 /bkg/$(channel)/Zjets/Nom/DY/mm/
361397 /bkg/$(channel)/Zjets/Nom/DY/mm/
361398 /bkg/$(channel)/Zjets/Nom/DY/mm/
361399 /bkg/$(channel)/Zjets/Nom/DY/mm/
361400 /bkg/$(channel)/Zjets/Nom/DY/mm/
361401 /bkg/$(channel)/Zjets/Nom/DY/mm/
361402 /bkg/$(channel)/Zjets/Nom/DY/mm/
361403 /bkg/$(channel)/Zjets/Nom/DY/mm/
361404 /bkg/$(channel)/Zjets/Nom/DY/mm/
361405 /bkg/$(channel)/Zjets/Nom/DY/mm/
361406 /bkg/$(channel)/Zjets/Nom/DY/mm/
361407 /bkg/$(channel)/Zjets/Nom/DY/mm/
361408 /bkg/$(channel)/Zjets/Nom/DY/mm/
361409 /bkg/$(channel)/Zjets/Nom/DY/mm/
361410 /bkg/$(channel)/Zjets/Nom/DY/mm/
361411 /bkg/$(channel)/Zjets/Nom/DY/mm/
361412 /bkg/$(channel)/Zjets/Nom/DY/mm/
361413 /bkg/$(channel)/Zjets/Nom/DY/mm/
361414 /bkg/$(channel)/Zjets/Nom/DY/mm/
361415 /bkg/$(channel)/Zjets/Nom/DY/mm/
361416 /bkg/$(channel)/Zjets/Nom/DY/mm/
361417 /bkg/$(channel)/Zjets/Nom/DY/mm/
361418 /bkg/$(channel)/Zjets/Nom/DY/mm/
361419 /bkg/$(channel)/Zjets/Nom/DY/mm/

361420 /bkg/$(channel)/Zjets/Nom/DY/tt/
361421 /bkg/$(channel)/Zjets/Nom/DY/tt/
361422 /bkg/$(channel)/Zjets/Nom/DY/tt/
361423 /bkg/$(channel)/Zjets/Nom/DY/tt/
361424 /bkg/$(channel)/Zjets/Nom/DY/tt/
361425 /bkg/$(channel)/Zjets/Nom/DY/tt/
361426 /bkg/$(channel)/Zjets/Nom/DY/tt/
361427 /bkg/$(channel)/Zjets/Nom/DY/tt/
361428 /bkg/$(channel)/Zjets/Nom/DY/tt/
361429 /bkg/$(channel)/Zjets/Nom/DY/tt/
361430 /bkg/$(channel)/Zjets/Nom/DY/tt/
361431 /bkg/$(channel)/Zjets/Nom/DY/tt/
361432 /bkg/$(channel)/Zjets/Nom/DY/tt/
361433 /bkg/$(channel)/Zjets/Nom/DY/tt/
361434 /bkg/$(channel)/Zjets/Nom/DY/tt/
361435 /bkg/$(channel)/Zjets/Nom/DY/tt/
361436 /bkg/$(channel)/Zjets/Nom/DY/tt/
361437 /bkg/$(channel)/Zjets/Nom/DY/tt/
361438 /bkg/$(channel)/Zjets/Nom/DY/tt/
361439 /bkg/$(channel)/Zjets/Nom/DY/tt/
361440 /bkg/$(channel)/Zjets/Nom/DY/tt/
361441 /bkg/$(channel)/Zjets/Nom/DY/tt/
361442 /bkg/$(channel)/Zjets/Nom/DY/tt/
361443 /bkg/$(channel)/Zjets/Nom/DY/tt/

361468 /bkg/$(channel)/Zjets/LowMass/DY/ee/
361469 /bkg/$(channel)/Zjets/LowMass/DY/ee/
361470 /bkg/$(channel)/Zjets/LowMass/DY/ee/
361471 /bkg/$(channel)/Zjets/LowMass/DY/ee/
361472 /bkg/$(channel)/Zjets/LowMass/DY/ee/
361473 /bkg/$(channel)/Zjets/LowMass/DY/ee/
361474 /bkg/$(channel)/Zjets/LowMass/DY/ee/
361475 /bkg/$(channel)/Zjets/LowMass/DY/ee/

361476 /bkg/$(channel)/Zjets/LowMass/DY/mm/
361477 /bkg/$(channel)/Zjets/LowMass/DY/mm/
361478 /bkg/$(channel)/Zjets/LowMass/DY/mm/
361479 /bkg/$(channel)/Zjets/LowMass/DY/mm/
361480 /bkg/$(channel)/Zjets/LowMass/DY/mm/
361481 /bkg/$(channel)/Zjets/LowMass/DY/mm/
361482 /bkg/$(channel)/Zjets/LowMass/DY/mm/
361483 /bkg/$(channel)/Zjets/LowMass/DY/mm/

361484 /bkg/$(channel)/Zjets/LowMass/DY/tt/
361485 /bkg/$(channel)/Zjets/LowMass/DY/tt/
361486 /bkg/$(channel)/Zjets/LowMass/DY/tt/
361487 /bkg/$(channel)/Zjets/LowMass/DY/tt/
361488 /bkg/$(channel)/Zjets/LowMass/DY/tt/
361489 /bkg/$(channel)/Zjets/LowMass/DY/tt/
361490 /bkg/$(channel)/Zjets/LowMass/DY/tt/
361491 /bkg/$(channel)/Zjets/LowMass/DY/tt/

361500 /bkg/$(channel)/Zjets/Nom/DY/ee/
361501 /bkg/$(channel)/Zjets/Nom/DY/ee/
361502 /bkg/$(channel)/Zjets/Nom/DY/ee/
361503 /bkg/$(channel)/Zjets/Nom/DY/ee/
361504 /bkg/$(channel)/Zjets/Nom/DY/ee/

361505 /bkg/$(channel)/Zjets/Nom/DY/mm/
361506 /bkg/$(channel)/Zjets/Nom/DY/mm/
361507 /bkg/$(channel)/Zjets/Nom/DY/mm/
361508 /bkg/$(channel)/Zjets/Nom/DY/mm/
361509 /bkg/$(channel)/Zjets/Nom/DY/mm/

361633 /bkg/$(channel)/Zjets/LowMass/DY/mm/
361634 /bkg/$(channel)/Zjets/LowMass/DY/mm/
361635 /bkg/$(channel)/Zjets/LowMass/DY/mm/
361636 /bkg/$(channel)/Zjets/LowMass/DY/mm/
361637 /bkg/$(channel)/Zjets/LowMass/DY/mm/

304021 /bkg/$(channel)/Zjets/Nom/EW/tt/
304019 /bkg/$(channel)/Zjets/Nom/EW/ee/
304020 /bkg/$(channel)/Zjets/Nom/EW/mm/

361700 /bkg/$(channel)/Zjets/Alpgen/ee/
361701 /bkg/$(channel)/Zjets/Alpgen/ee/
361702 /bkg/$(channel)/Zjets/Alpgen/ee/
361703 /bkg/$(channel)/Zjets/Alpgen/ee/
361704 /bkg/$(channel)/Zjets/Alpgen/ee/
361705 /bkg/$(channel)/Zjets/Alpgen/ee/
361710 /bkg/$(channel)/Zjets/Alpgen/mm/
361711 /bkg/$(channel)/Zjets/Alpgen/mm/
361712 /bkg/$(channel)/Zjets/Alpgen/mm/
361713 /bkg/$(channel)/Zjets/Alpgen/mm/
361714 /bkg/$(channel)/Zjets/Alpgen/mm/
361715 /bkg/$(channel)/Zjets/Alpgen/mm/
361720 /bkg/$(channel)/Zjets/Alpgen/tt/
361721 /bkg/$(channel)/Zjets/Alpgen/tt/
361722 /bkg/$(channel)/Zjets/Alpgen/tt/
361723 /bkg/$(channel)/Zjets/Alpgen/tt/
361724 /bkg/$(channel)/Zjets/Alpgen/tt/
361725 /bkg/$(channel)/Zjets/Alpgen/tt/
361730 /bkg/$(channel)/Zjets/Alpgen/ee/
361731 /bkg/$(channel)/Zjets/Alpgen/ee/
361732 /bkg/$(channel)/Zjets/Alpgen/ee/
361733 /bkg/$(channel)/Zjets/Alpgen/ee/
361735 /bkg/$(channel)/Zjets/Alpgen/ee/
361736 /bkg/$(channel)/Zjets/Alpgen/ee/
361737 /bkg/$(channel)/Zjets/Alpgen/ee/
361738 /bkg/$(channel)/Zjets/Alpgen/ee/
361740 /bkg/$(channel)/Zjets/Alpgen/mm/
361741 /bkg/$(channel)/Zjets/Alpgen/mm/
361742 /bkg/$(channel)/Zjets/Alpgen/mm/
361743 /bkg/$(channel)/Zjets/Alpgen/mm/
361745 /bkg/$(channel)/Zjets/Alpgen/mm/
361746 /bkg/$(channel)/Zjets/Alpgen/mm/
361747 /bkg/$(channel)/Zjets/Alpgen/mm/
361748 /bkg/$(channel)/Zjets/Alpgen/mm/
361750 /bkg/$(channel)/Zjets/Alpgen/tt/
361751 /bkg/$(channel)/Zjets/Alpgen/tt/
361752 /bkg/$(channel)/Zjets/Alpgen/tt/
361753 /bkg/$(channel)/Zjets/Alpgen/tt/
361755 /bkg/$(channel)/Zjets/Alpgen/tt/
361756 /bkg/$(channel)/Zjets/Alpgen/tt/
361757 /bkg/$(channel)/Zjets/Alpgen/tt/
361758 /bkg/$(channel)/Zjets/Alpgen/tt/

364100 /bkg/$(channel)/Zjets/Sherpa2p2p1/Nom/mm/
364101 /bkg/$(channel)/Zjets/Sherpa2p2p1/Nom/mm/
364102 /bkg/$(channel)/Zjets/Sherpa2p2p1/Nom/mm/
364103 /bkg/$(channel)/Zjets/Sherpa2p2p1/Nom/mm/
364104 /bkg/$(channel)/Zjets/Sherpa2p2p1/Nom/mm/
364105 /bkg/$(channel)/Zjets/Sherpa2p2p1/Nom/mm/
364106 /bkg/$(channel)/Zjets/Sherpa2p2p1/Nom/mm/
364107 /bkg/$(channel)/Zjets/Sherpa2p2p1/Nom/mm/
364108 /bkg/$(channel)/Zjets/Sherpa2p2p1/Nom/mm/
364109 /bkg/$(channel)/Zjets/Sherpa2p2p1/Nom/mm/
364110 /bkg/$(channel)/Zjets/Sherpa2p2p1/Nom/mm/
364111 /bkg/$(channel)/Zjets/Sherpa2p2p1/Nom/mm/
364112 /bkg/$(channel)/Zjets/Sherpa2p2p1/Nom/mm/
364113 /bkg/$(channel)/Zjets/Sherpa2p2p1/Nom/mm/
364114 /bkg/$(channel)/Zjets/Sherpa2p2p1/Nom/ee/
364115 /bkg/$(channel)/Zjets/Sherpa2p2p1/Nom/ee/
364116 /bkg/$(channel)/Zjets/Sherpa2p2p1/Nom/ee/
364117 /bkg/$(channel)/Zjets/Sherpa2p2p1/Nom/ee/
364118 /bkg/$(channel)/Zjets/Sherpa2p2p1/Nom/ee/
364119 /bkg/$(channel)/Zjets/Sherpa2p2p1/Nom/ee/
364120 /bkg/$(channel)/Zjets/Sherpa2p2p1/Nom/ee/
364121 /bkg/$(channel)/Zjets/Sherpa2p2p1/Nom/ee/
364122 /bkg/$(channel)/Zjets/Sherpa2p2p1/Nom/ee/
364123 /bkg/$(channel)/Zjets/Sherpa2p2p1/Nom/ee/
364124 /bkg/$(channel)/Zjets/Sherpa2p2p1/Nom/ee/
364125 /bkg/$(channel)/Zjets/Sherpa2p2p1/Nom/ee/
364126 /bkg/$(channel)/Zjets/Sherpa2p2p1/Nom/ee/
364127 /bkg/$(channel)/Zjets/Sherpa2p2p1/Nom/ee/
364128 /bkg/$(channel)/Zjets/Sherpa2p2p1/Nom/tt/
364129 /bkg/$(channel)/Zjets/Sherpa2p2p1/Nom/tt/
364130 /bkg/$(channel)/Zjets/Sherpa2p2p1/Nom/tt/
364131 /bkg/$(channel)/Zjets/Sherpa2p2p1/Nom/tt/
364132 /bkg/$(channel)/Zjets/Sherpa2p2p1/Nom/tt/
364133 /bkg/$(channel)/Zjets/Sherpa2p2p1/Nom/tt/
364134 /bkg/$(channel)/Zjets/Sherpa2p2p1/Nom/tt/
364135 /bkg/$(channel)/Zjets/Sherpa2p2p1/Nom/tt/
364136 /bkg/$(channel)/Zjets/Sherpa2p2p1/Nom/tt/
364137 /bkg/$(channel)/Zjets/Sherpa2p2p1/Nom/tt/
364138 /bkg/$(channel)/Zjets/Sherpa2p2p1/Nom/tt/
364139 /bkg/$(channel)/Zjets/Sherpa2p2p1/Nom/tt/
364140 /bkg/$(channel)/Zjets/Sherpa2p2p1/Nom/tt/
364141 /bkg/$(channel)/Zjets/Sherpa2p2p1/Nom/tt/
344772 /bkg/$(channel)/Zjets/Sherpa2p2p1/Filter/tt/
344774 /bkg/$(channel)/Zjets/Sherpa2p2p1/Filter/tt/
344775 /bkg/$(channel)/Zjets/Sherpa2p2p1/Filter/tt/
344776 /bkg/$(channel)/Zjets/Sherpa2p2p1/Filter/tt/
344778 /bkg/$(channel)/Zjets/Sherpa2p2p1/Filter/tt/
344779 /bkg/$(channel)/Zjets/Sherpa2p2p1/Filter/tt/
344780 /bkg/$(channel)/Zjets/Sherpa2p2p1/Filter/tt/
344781 /bkg/$(channel)/Zjets/Sherpa2p2p1/Filter/tt/
344782 /bkg/$(channel)/Zjets/Sherpa2p2p1/Filter/tt/

364198 /bkg/$(channel)/Zjets/Sherpa2p2p1/LowMass/mm
364199 /bkg/$(channel)/Zjets/Sherpa2p2p1/LowMass/mm
364200 /bkg/$(channel)/Zjets/Sherpa2p2p1/LowMass/mm
364201 /bkg/$(channel)/Zjets/Sherpa2p2p1/LowMass/mm
364202 /bkg/$(channel)/Zjets/Sherpa2p2p1/LowMass/mm
364203 /bkg/$(channel)/Zjets/Sherpa2p2p1/LowMass/mm
364204 /bkg/$(channel)/Zjets/Sherpa2p2p1/LowMass/ee
364205 /bkg/$(channel)/Zjets/Sherpa2p2p1/LowMass/ee
364206 /bkg/$(channel)/Zjets/Sherpa2p2p1/LowMass/ee
364207 /bkg/$(channel)/Zjets/Sherpa2p2p1/LowMass/ee
364208 /bkg/$(channel)/Zjets/Sherpa2p2p1/LowMass/ee
364209 /bkg/$(channel)/Zjets/Sherpa2p2p1/LowMass/ee
364210 /bkg/$(channel)/Zjets/Sherpa2p2p1/LowMass/tt
364211 /bkg/$(channel)/Zjets/Sherpa2p2p1/LowMass/tt
364212 /bkg/$(channel)/Zjets/Sherpa2p2p1/LowMass/tt
364213 /bkg/$(channel)/Zjets/Sherpa2p2p1/LowMass/tt
364214 /bkg/$(channel)/Zjets/Sherpa2p2p1/LowMass/tt
364215 /bkg/$(channel)/Zjets/Sherpa2p2p1/LowMass/tt

344295 /bkg/$(channel)/Zjets/Sherpa2p2p1_4l_filter/ee/
344296 /bkg/$(channel)/Zjets/Sherpa2p2p1_4l_filter/mm/
344297 /bkg/$(channel)/Zjets/Sherpa2p2p1_3l_filter/ee/
344298 /bkg/$(channel)/Zjets/Sherpa2p2p1_3l_filter/mm/

363102 /bkg/$(channel)/Zjets/Sherpa2p2/tt/
363103 /bkg/$(channel)/Zjets/Sherpa2p2/tt/
363104 /bkg/$(channel)/Zjets/Sherpa2p2/tt/
363105 /bkg/$(channel)/Zjets/Sherpa2p2/tt/
363106 /bkg/$(channel)/Zjets/Sherpa2p2/tt/
363107 /bkg/$(channel)/Zjets/Sherpa2p2/tt/
363108 /bkg/$(channel)/Zjets/Sherpa2p2/tt/
363109 /bkg/$(channel)/Zjets/Sherpa2p2/tt/
363110 /bkg/$(channel)/Zjets/Sherpa2p2/tt/
363111 /bkg/$(channel)/Zjets/Sherpa2p2/tt/
363112 /bkg/$(channel)/Zjets/Sherpa2p2/tt/
363113 /bkg/$(channel)/Zjets/Sherpa2p2/tt/
363114 /bkg/$(channel)/Zjets/Sherpa2p2/tt/
363115 /bkg/$(channel)/Zjets/Sherpa2p2/tt/
363116 /bkg/$(channel)/Zjets/Sherpa2p2/tt/
363117 /bkg/$(channel)/Zjets/Sherpa2p2/tt/
363118 /bkg/$(channel)/Zjets/Sherpa2p2/tt/
363119 /bkg/$(channel)/Zjets/Sherpa2p2/tt/
363120 /bkg/$(channel)/Zjets/Sherpa2p2/tt/
363121 /bkg/$(channel)/Zjets/Sherpa2p2/tt/
363122 /bkg/$(channel)/Zjets/Sherpa2p2/tt/
363361 /bkg/$(channel)/Zjets/Sherpa2p2/tt/
363362 /bkg/$(channel)/Zjets/Sherpa2p2/tt/
363363 /bkg/$(channel)/Zjets/Sherpa2p2/tt/
363364 /bkg/$(channel)/Zjets/Sherpa2p2/mm/
363365 /bkg/$(channel)/Zjets/Sherpa2p2/mm/
363366 /bkg/$(channel)/Zjets/Sherpa2p2/mm/
363367 /bkg/$(channel)/Zjets/Sherpa2p2/mm/
363368 /bkg/$(channel)/Zjets/Sherpa2p2/mm/
363369 /bkg/$(channel)/Zjets/Sherpa2p2/mm/
363370 /bkg/$(channel)/Zjets/Sherpa2p2/mm/
363371 /bkg/$(channel)/Zjets/Sherpa2p2/mm/
363372 /bkg/$(channel)/Zjets/Sherpa2p2/mm/
363373 /bkg/$(channel)/Zjets/Sherpa2p2/mm/
363374 /bkg/$(channel)/Zjets/Sherpa2p2/mm/
363375 /bkg/$(channel)/Zjets/Sherpa2p2/mm/
363376 /bkg/$(channel)/Zjets/Sherpa2p2/mm/
363377 /bkg/$(channel)/Zjets/Sherpa2p2/mm/
363378 /bkg/$(channel)/Zjets/Sherpa2p2/mm/
363379 /bkg/$(channel)/Zjets/Sherpa2p2/mm/
363380 /bkg/$(channel)/Zjets/Sherpa2p2/mm/
363381 /bkg/$(channel)/Zjets/Sherpa2p2/mm/
363382 /bkg/$(channel)/Zjets/Sherpa2p2/mm/
363383 /bkg/$(channel)/Zjets/Sherpa2p2/mm/
363384 /bkg/$(channel)/Zjets/Sherpa2p2/mm/
363385 /bkg/$(channel)/Zjets/Sherpa2p2/mm/
363386 /bkg/$(channel)/Zjets/Sherpa2p2/mm/
363387 /bkg/$(channel)/Zjets/Sherpa2p2/mm/
363388 /bkg/$(channel)/Zjets/Sherpa2p2/ee/
363389 /bkg/$(channel)/Zjets/Sherpa2p2/ee/
363390 /bkg/$(channel)/Zjets/Sherpa2p2/ee/
363391 /bkg/$(channel)/Zjets/Sherpa2p2/ee/
363392 /bkg/$(channel)/Zjets/Sherpa2p2/ee/
363393 /bkg/$(channel)/Zjets/Sherpa2p2/ee/
363394 /bkg/$(channel)/Zjets/Sherpa2p2/ee/
363395 /bkg/$(channel)/Zjets/Sherpa2p2/ee/
363396 /bkg/$(channel)/Zjets/Sherpa2p2/ee/
363397 /bkg/$(channel)/Zjets/Sherpa2p2/ee/
363398 /bkg/$(channel)/Zjets/Sherpa2p2/ee/
363399 /bkg/$(channel)/Zjets/Sherpa2p2/ee/
363400 /bkg/$(channel)/Zjets/Sherpa2p2/ee/
363401 /bkg/$(channel)/Zjets/Sherpa2p2/ee/
363402 /bkg/$(channel)/Zjets/Sherpa2p2/ee/
363403 /bkg/$(channel)/Zjets/Sherpa2p2/ee/
363404 /bkg/$(channel)/Zjets/Sherpa2p2/ee/
363405 /bkg/$(channel)/Zjets/Sherpa2p2/ee/
363406 /bkg/$(channel)/Zjets/Sherpa2p2/ee/
363407 /bkg/$(channel)/Zjets/Sherpa2p2/ee/
363408 /bkg/$(channel)/Zjets/Sherpa2p2/ee/
363409 /bkg/$(channel)/Zjets/Sherpa2p2/ee/
363410 /bkg/$(channel)/Zjets/Sherpa2p2/ee/
363411 /bkg/$(channel)/Zjets/Sherpa2p2/ee/

363486 /bkg/$(channel)/Zjets/Nom/DY/

363147 /bkg/$(channel)/Zjets/MadGraph/ee
363148 /bkg/$(channel)/Zjets/MadGraph/ee
363149 /bkg/$(channel)/Zjets/MadGraph/ee
363150 /bkg/$(channel)/Zjets/MadGraph/ee
363151 /bkg/$(channel)/Zjets/MadGraph/ee
363152 /bkg/$(channel)/Zjets/MadGraph/ee
363153 /bkg/$(channel)/Zjets/MadGraph/ee
363154 /bkg/$(channel)/Zjets/MadGraph/ee
363155 /bkg/$(channel)/Zjets/MadGraph/ee
363156 /bkg/$(channel)/Zjets/MadGraph/ee
363157 /bkg/$(channel)/Zjets/MadGraph/ee
363158 /bkg/$(channel)/Zjets/MadGraph/ee
363159 /bkg/$(channel)/Zjets/MadGraph/ee
363160 /bkg/$(channel)/Zjets/MadGraph/ee
363161 /bkg/$(channel)/Zjets/MadGraph/ee
363162 /bkg/$(channel)/Zjets/MadGraph/ee
363163 /bkg/$(channel)/Zjets/MadGraph/ee
363164 /bkg/$(channel)/Zjets/MadGraph/ee
363165 /bkg/$(channel)/Zjets/MadGraph/ee
363166 /bkg/$(channel)/Zjets/MadGraph/ee
363167 /bkg/$(channel)/Zjets/MadGraph/ee
363168 /bkg/$(channel)/Zjets/MadGraph/ee
363169 /bkg/$(channel)/Zjets/MadGraph/ee
363170 /bkg/$(channel)/Zjets/MadGraph/ee

363123 /bkg/$(channel)/Zjets/MadGraph/mm
363124 /bkg/$(channel)/Zjets/MadGraph/mm
363125 /bkg/$(channel)/Zjets/MadGraph/mm
363126 /bkg/$(channel)/Zjets/MadGraph/mm
363127 /bkg/$(channel)/Zjets/MadGraph/mm
363128 /bkg/$(channel)/Zjets/MadGraph/mm
363129 /bkg/$(channel)/Zjets/MadGraph/mm
363130 /bkg/$(channel)/Zjets/MadGraph/mm
363131 /bkg/$(channel)/Zjets/MadGraph/mm
363132 /bkg/$(channel)/Zjets/MadGraph/mm
363133 /bkg/$(channel)/Zjets/MadGraph/mm
363134 /bkg/$(channel)/Zjets/MadGraph/mm
363135 /bkg/$(channel)/Zjets/MadGraph/mm
363136 /bkg/$(channel)/Zjets/MadGraph/mm
363137 /bkg/$(channel)/Zjets/MadGraph/mm
363138 /bkg/$(channel)/Zjets/MadGraph/mm
363139 /bkg/$(channel)/Zjets/MadGraph/mm
363140 /bkg/$(channel)/Zjets/MadGraph/mm
363141 /bkg/$(channel)/Zjets/MadGraph/mm
363142 /bkg/$(channel)/Zjets/MadGraph/mm
363143 /bkg/$(channel)/Zjets/MadGraph/mm
363144 /bkg/$(channel)/Zjets/MadGraph/mm
363145 /bkg/$(channel)/Zjets/MadGraph/mm
363146 /bkg/$(channel)/Zjets/MadGraph/mm

361510 /bkg/$(channel)/Zjets/MadGraph/tt
361511 /bkg/$(channel)/Zjets/MadGraph/tt
361512 /bkg/$(channel)/Zjets/MadGraph/tt
361513 /bkg/$(channel)/Zjets/MadGraph/tt
361514 /bkg/$(channel)/Zjets/MadGraph/tt

361628 /bkg/$(channel)/Zjets/MadGraph/ee
361629 /bkg/$(channel)/Zjets/MadGraph/ee
361630 /bkg/$(channel)/Zjets/MadGraph/ee
361631 /bkg/$(channel)/Zjets/MadGraph/ee
361632 /bkg/$(channel)/Zjets/MadGraph/ee

363725 /bkg/$(channel)/Zjets/MadGraph/mm
363726 /bkg/$(channel)/Zjets/MadGraph/mm
363727 /bkg/$(channel)/Zjets/MadGraph/mm
363728 /bkg/$(channel)/Zjets/MadGraph/mm
363729 /bkg/$(channel)/Zjets/MadGraph/mm
363730 /bkg/$(channel)/Zjets/MadGraph/mm
363731 /bkg/$(channel)/Zjets/MadGraph/mm
363732 /bkg/$(channel)/Zjets/MadGraph/mm
363733 /bkg/$(channel)/Zjets/MadGraph/mm
363734 /bkg/$(channel)/Zjets/MadGraph/mm
363735 /bkg/$(channel)/Zjets/MadGraph/mm
363736 /bkg/$(channel)/Zjets/MadGraph/mm
363737 /bkg/$(channel)/Zjets/MadGraph/mm
363738 /bkg/$(channel)/Zjets/MadGraph/mm
363739 /bkg/$(channel)/Zjets/MadGraph/mm
363740 /bkg/$(channel)/Zjets/MadGraph/mm
363741 /bkg/$(channel)/Zjets/MadGraph/mm
363742 /bkg/$(channel)/Zjets/MadGraph/mm
363743 /bkg/$(channel)/Zjets/MadGraph/mm
363744 /bkg/$(channel)/Zjets/MadGraph/mm
363745 /bkg/$(channel)/Zjets/MadGraph/mm
363746 /bkg/$(channel)/Zjets/MadGraph/mm
363747 /bkg/$(channel)/Zjets/MadGraph/mm
363748 /bkg/$(channel)/Zjets/MadGraph/mm

361638 /bkg/$(channel)/Zjets/MadGraph/tt
361639 /bkg/$(channel)/Zjets/MadGraph/tt
361640 /bkg/$(channel)/Zjets/MadGraph/tt
361641 /bkg/$(channel)/Zjets/MadGraph/tt
361642 /bkg/$(channel)/Zjets/MadGraph/tt

361100 /bkg/$(channel)/Wjets/Nom/ev/
361101 /bkg/$(channel)/Wjets/Nom/mv/
361102 /bkg/$(channel)/Wjets/Nom/tv/
361103 /bkg/$(channel)/Wjets/Nom/ev/
361104 /bkg/$(channel)/Wjets/Nom/mv/
361105 /bkg/$(channel)/Wjets/Nom/tv/

364156 /bkg/$(channel)/Wjets/Sherpa2p2p1/mv/
364157 /bkg/$(channel)/Wjets/Sherpa2p2p1/mv/
364158 /bkg/$(channel)/Wjets/Sherpa2p2p1/mv/
364159 /bkg/$(channel)/Wjets/Sherpa2p2p1/mv/
364160 /bkg/$(channel)/Wjets/Sherpa2p2p1/mv/
364161 /bkg/$(channel)/Wjets/Sherpa2p2p1/mv/
364162 /bkg/$(channel)/Wjets/Sherpa2p2p1/mv/
364163 /bkg/$(channel)/Wjets/Sherpa2p2p1/mv/
364164 /bkg/$(channel)/Wjets/Sherpa2p2p1/mv/
364165 /bkg/$(channel)/Wjets/Sherpa2p2p1/mv/
364166 /bkg/$(channel)/Wjets/Sherpa2p2p1/mv/
364167 /bkg/$(channel)/Wjets/Sherpa2p2p1/mv/
364168 /bkg/$(channel)/Wjets/Sherpa2p2p1/mv/
364169 /bkg/$(channel)/Wjets/Sherpa2p2p1/mv/
364170 /bkg/$(channel)/Wjets/Sherpa2p2p1/ev/
364171 /bkg/$(channel)/Wjets/Sherpa2p2p1/ev/
364172 /bkg/$(channel)/Wjets/Sherpa2p2p1/ev/
364173 /bkg/$(channel)/Wjets/Sherpa2p2p1/ev/
364174 /bkg/$(channel)/Wjets/Sherpa2p2p1/ev/
364175 /bkg/$(channel)/Wjets/Sherpa2p2p1/ev/
364176 /bkg/$(channel)/Wjets/Sherpa2p2p1/ev/
364177 /bkg/$(channel)/Wjets/Sherpa2p2p1/ev/
364178 /bkg/$(channel)/Wjets/Sherpa2p2p1/ev/
364179 /bkg/$(channel)/Wjets/Sherpa2p2p1/ev/
364180 /bkg/$(channel)/Wjets/Sherpa2p2p1/ev/
364181 /bkg/$(channel)/Wjets/Sherpa2p2p1/ev/
364182 /bkg/$(channel)/Wjets/Sherpa2p2p1/ev/
364183 /bkg/$(channel)/Wjets/Sherpa2p2p1/ev/
364184 /bkg/$(channel)/Wjets/Sherpa2p2p1/tv/
364185 /bkg/$(channel)/Wjets/Sherpa2p2p1/tv/
364186 /bkg/$(channel)/Wjets/Sherpa2p2p1/tv/
364187 /bkg/$(channel)/Wjets/Sherpa2p2p1/tv/
364188 /bkg/$(channel)/Wjets/Sherpa2p2p1/tv/
364189 /bkg/$(channel)/Wjets/Sherpa2p2p1/tv/
364190 /bkg/$(channel)/Wjets/Sherpa2p2p1/tv/
364191 /bkg/$(channel)/Wjets/Sherpa2p2p1/tv/
364192 /bkg/$(channel)/Wjets/Sherpa2p2p1/tv/
364193 /bkg/$(channel)/Wjets/Sherpa2p2p1/tv/
364194 /bkg/$(channel)/Wjets/Sherpa2p2p1/tv/
364195 /bkg/$(channel)/Wjets/Sherpa2p2p1/tv/
364196 /bkg/$(channel)/Wjets/Sherpa2p2p1/tv/
364197 /bkg/$(channel)/Wjets/Sherpa2p2p1/tv/

301060 /bkg/$(channel)/Wjets/Nom/ev/
301061 /bkg/$(channel)/Wjets/Nom/ev/
301062 /bkg/$(channel)/Wjets/Nom/ev/
301063 /bkg/$(channel)/Wjets/Nom/ev/
301064 /bkg/$(channel)/Wjets/Nom/ev/
301065 /bkg/$(channel)/Wjets/Nom/ev/
301066 /bkg/$(channel)/Wjets/Nom/ev/
301067 /bkg/$(channel)/Wjets/Nom/ev/
301068 /bkg/$(channel)/Wjets/Nom/ev/
301069 /bkg/$(channel)/Wjets/Nom/ev/
301070 /bkg/$(channel)/Wjets/Nom/ev/
301071 /bkg/$(channel)/Wjets/Nom/ev/
301072 /bkg/$(channel)/Wjets/Nom/ev/
301073 /bkg/$(channel)/Wjets/Nom/ev/
301074 /bkg/$(channel)/Wjets/Nom/ev/
301075 /bkg/$(channel)/Wjets/Nom/ev/
301076 /bkg/$(channel)/Wjets/Nom/ev/
301077 /bkg/$(channel)/Wjets/Nom/ev/
301078 /bkg/$(channel)/Wjets/Nom/ev/
301080 /bkg/$(channel)/Wjets/Nom/ev/
301081 /bkg/$(channel)/Wjets/Nom/ev/
301082 /bkg/$(channel)/Wjets/Nom/ev/
301083 /bkg/$(channel)/Wjets/Nom/ev/
301084 /bkg/$(channel)/Wjets/Nom/ev/
301085 /bkg/$(channel)/Wjets/Nom/ev/
301086 /bkg/$(channel)/Wjets/Nom/ev/
301087 /bkg/$(channel)/Wjets/Nom/ev/
301088 /bkg/$(channel)/Wjets/Nom/ev/
301089 /bkg/$(channel)/Wjets/Nom/ev/
301090 /bkg/$(channel)/Wjets/Nom/ev/
301091 /bkg/$(channel)/Wjets/Nom/ev/
301092 /bkg/$(channel)/Wjets/Nom/ev/
301093 /bkg/$(channel)/Wjets/Nom/ev/
301094 /bkg/$(channel)/Wjets/Nom/ev/
301095 /bkg/$(channel)/Wjets/Nom/ev/
301096 /bkg/$(channel)/Wjets/Nom/ev/
301097 /bkg/$(channel)/Wjets/Nom/ev/
301098 /bkg/$(channel)/Wjets/Nom/ev/

301100 /bkg/$(channel)/Wjets/Nom/mv/
301101 /bkg/$(channel)/Wjets/Nom/mv/
301102 /bkg/$(channel)/Wjets/Nom/mv/
301103 /bkg/$(channel)/Wjets/Nom/mv/
301104 /bkg/$(channel)/Wjets/Nom/mv/
301105 /bkg/$(channel)/Wjets/Nom/mv/
301106 /bkg/$(channel)/Wjets/Nom/mv/
301107 /bkg/$(channel)/Wjets/Nom/mv/
301108 /bkg/$(channel)/Wjets/Nom/mv/
301109 /bkg/$(channel)/Wjets/Nom/mv/
301110 /bkg/$(channel)/Wjets/Nom/mv/
301111 /bkg/$(channel)/Wjets/Nom/mv/
301112 /bkg/$(channel)/Wjets/Nom/mv/
301113 /bkg/$(channel)/Wjets/Nom/mv/
301114 /bkg/$(channel)/Wjets/Nom/mv/
301115 /bkg/$(channel)/Wjets/Nom/mv/
301116 /bkg/$(channel)/Wjets/Nom/mv/
301117 /bkg/$(channel)/Wjets/Nom/mv/
301118 /bkg/$(channel)/Wjets/Nom/mv/
301120 /bkg/$(channel)/Wjets/Nom/mv/
301121 /bkg/$(channel)/Wjets/Nom/mv/
301122 /bkg/$(channel)/Wjets/Nom/mv/
301123 /bkg/$(channel)/Wjets/Nom/mv/
301124 /bkg/$(channel)/Wjets/Nom/mv/
301125 /bkg/$(channel)/Wjets/Nom/mv/
301126 /bkg/$(channel)/Wjets/Nom/mv/
301127 /bkg/$(channel)/Wjets/Nom/mv/
301128 /bkg/$(channel)/Wjets/Nom/mv/
301129 /bkg/$(channel)/Wjets/Nom/mv/
301130 /bkg/$(channel)/Wjets/Nom/mv/
301131 /bkg/$(channel)/Wjets/Nom/mv/
301132 /bkg/$(channel)/Wjets/Nom/mv/
301133 /bkg/$(channel)/Wjets/Nom/mv/
301134 /bkg/$(channel)/Wjets/Nom/mv/
301135 /bkg/$(channel)/Wjets/Nom/mv/
301136 /bkg/$(channel)/Wjets/Nom/mv/
301137 /bkg/$(channel)/Wjets/Nom/mv/
301138 /bkg/$(channel)/Wjets/Nom/mv/

301140 /bkg/$(channel)/Wjets/Nom/tv/
301141 /bkg/$(channel)/Wjets/Nom/tv/
301142 /bkg/$(channel)/Wjets/Nom/tv/
301143 /bkg/$(channel)/Wjets/Nom/tv/
301144 /bkg/$(channel)/Wjets/Nom/tv/
301145 /bkg/$(channel)/Wjets/Nom/tv/
301146 /bkg/$(channel)/Wjets/Nom/tv/
301147 /bkg/$(channel)/Wjets/Nom/tv/
301148 /bkg/$(channel)/Wjets/Nom/tv/
301149 /bkg/$(channel)/Wjets/Nom/tv/
301150 /bkg/$(channel)/Wjets/Nom/tv/
301151 /bkg/$(channel)/Wjets/Nom/tv/
301152 /bkg/$(channel)/Wjets/Nom/tv/
301153 /bkg/$(channel)/Wjets/Nom/tv/
301154 /bkg/$(channel)/Wjets/Nom/tv/
301155 /bkg/$(channel)/Wjets/Nom/tv/
301156 /bkg/$(channel)/Wjets/Nom/tv/
301157 /bkg/$(channel)/Wjets/Nom/tv/
301158 /bkg/$(channel)/Wjets/Nom/tv/
301160 /bkg/$(channel)/Wjets/Nom/tv/
301161 /bkg/$(channel)/Wjets/Nom/tv/
301162 /bkg/$(channel)/Wjets/Nom/tv/
301163 /bkg/$(channel)/Wjets/Nom/tv/
301164 /bkg/$(channel)/Wjets/Nom/tv/
301165 /bkg/$(channel)/Wjets/Nom/tv/
301166 /bkg/$(channel)/Wjets/Nom/tv/
301167 /bkg/$(channel)/Wjets/Nom/tv/
301168 /bkg/$(channel)/Wjets/Nom/tv/
301169 /bkg/$(channel)/Wjets/Nom/tv/
301170 /bkg/$(channel)/Wjets/Nom/tv/
301171 /bkg/$(channel)/Wjets/Nom/tv/
301172 /bkg/$(channel)/Wjets/Nom/tv/
301173 /bkg/$(channel)/Wjets/Nom/tv/
301174 /bkg/$(channel)/Wjets/Nom/tv/
301175 /bkg/$(channel)/Wjets/Nom/tv/
301176 /bkg/$(channel)/Wjets/Nom/tv/
301177 /bkg/$(channel)/Wjets/Nom/tv/
301178 /bkg/$(channel)/Wjets/Nom/tv/

361300 /bkg/$(channel)/Wjets/Nom/ev/
361301 /bkg/$(channel)/Wjets/Nom/ev/
361302 /bkg/$(channel)/Wjets/Nom/ev/
361303 /bkg/$(channel)/Wjets/Nom/ev/
361304 /bkg/$(channel)/Wjets/Nom/ev/
361305 /bkg/$(channel)/Wjets/Nom/ev/
361306 /bkg/$(channel)/Wjets/Nom/ev/
361307 /bkg/$(channel)/Wjets/Nom/ev/
361308 /bkg/$(channel)/Wjets/Nom/ev/
361309 /bkg/$(channel)/Wjets/Nom/ev/
361310 /bkg/$(channel)/Wjets/Nom/ev/
361311 /bkg/$(channel)/Wjets/Nom/ev/
361312 /bkg/$(channel)/Wjets/Nom/ev/
361313 /bkg/$(channel)/Wjets/Nom/ev/
361314 /bkg/$(channel)/Wjets/Nom/ev/
361315 /bkg/$(channel)/Wjets/Nom/ev/
361316 /bkg/$(channel)/Wjets/Nom/ev/
361317 /bkg/$(channel)/Wjets/Nom/ev/
361318 /bkg/$(channel)/Wjets/Nom/ev/
361319 /bkg/$(channel)/Wjets/Nom/ev/
361320 /bkg/$(channel)/Wjets/Nom/ev/
361321 /bkg/$(channel)/Wjets/Nom/ev/
361322 /bkg/$(channel)/Wjets/Nom/ev/
361323 /bkg/$(channel)/Wjets/Nom/ev/

361324 /bkg/$(channel)/Wjets/Nom/mv/
361325 /bkg/$(channel)/Wjets/Nom/mv/
361326 /bkg/$(channel)/Wjets/Nom/mv/
361327 /bkg/$(channel)/Wjets/Nom/mv/
361328 /bkg/$(channel)/Wjets/Nom/mv/
361329 /bkg/$(channel)/Wjets/Nom/mv/
361330 /bkg/$(channel)/Wjets/Nom/mv/
361331 /bkg/$(channel)/Wjets/Nom/mv/
361332 /bkg/$(channel)/Wjets/Nom/mv/
361333 /bkg/$(channel)/Wjets/Nom/mv/
361334 /bkg/$(channel)/Wjets/Nom/mv/
361335 /bkg/$(channel)/Wjets/Nom/mv/
361336 /bkg/$(channel)/Wjets/Nom/mv/
361337 /bkg/$(channel)/Wjets/Nom/mv/
361338 /bkg/$(channel)/Wjets/Nom/mv/
361339 /bkg/$(channel)/Wjets/Nom/mv/
361340 /bkg/$(channel)/Wjets/Nom/mv/
361341 /bkg/$(channel)/Wjets/Nom/mv/
361342 /bkg/$(channel)/Wjets/Nom/mv/
361343 /bkg/$(channel)/Wjets/Nom/mv/
361344 /bkg/$(channel)/Wjets/Nom/mv/
361345 /bkg/$(channel)/Wjets/Nom/mv/
361346 /bkg/$(channel)/Wjets/Nom/mv/
361347 /bkg/$(channel)/Wjets/Nom/mv/

361348 /bkg/$(channel)/Wjets/Nom/tv/
361349 /bkg/$(channel)/Wjets/Nom/tv/
361350 /bkg/$(channel)/Wjets/Nom/tv/
361351 /bkg/$(channel)/Wjets/Nom/tv/
361352 /bkg/$(channel)/Wjets/Nom/tv/
361353 /bkg/$(channel)/Wjets/Nom/tv/
361354 /bkg/$(channel)/Wjets/Nom/tv/
361355 /bkg/$(channel)/Wjets/Nom/tv/
361356 /bkg/$(channel)/Wjets/Nom/tv/
361357 /bkg/$(channel)/Wjets/Nom/tv/
361358 /bkg/$(channel)/Wjets/Nom/tv/
361359 /bkg/$(channel)/Wjets/Nom/tv/
361360 /bkg/$(channel)/Wjets/Nom/tv/
361361 /bkg/$(channel)/Wjets/Nom/tv/
361362 /bkg/$(channel)/Wjets/Nom/tv/
361363 /bkg/$(channel)/Wjets/Nom/tv/
361364 /bkg/$(channel)/Wjets/Nom/tv/
361365 /bkg/$(channel)/Wjets/Nom/tv/
361366 /bkg/$(channel)/Wjets/Nom/tv/
361367 /bkg/$(channel)/Wjets/Nom/tv/
361368 /bkg/$(channel)/Wjets/Nom/tv/
361369 /bkg/$(channel)/Wjets/Nom/tv/
361370 /bkg/$(channel)/Wjets/Nom/tv/
361371 /bkg/$(channel)/Wjets/Nom/tv/

363331 /bkg/$(channel)/Wjets/Sherpa2p2/Nom/tv/
363332 /bkg/$(channel)/Wjets/Sherpa2p2/Nom/tv/
363333 /bkg/$(channel)/Wjets/Sherpa2p2/Nom/tv/
363334 /bkg/$(channel)/Wjets/Sherpa2p2/Nom/tv/
363335 /bkg/$(channel)/Wjets/Sherpa2p2/Nom/tv/
363336 /bkg/$(channel)/Wjets/Sherpa2p2/Nom/tv/
363337 /bkg/$(channel)/Wjets/Sherpa2p2/Nom/tv/
363338 /bkg/$(channel)/Wjets/Sherpa2p2/Nom/tv/
363339 /bkg/$(channel)/Wjets/Sherpa2p2/Nom/tv/
363340 /bkg/$(channel)/Wjets/Sherpa2p2/Nom/tv/
363341 /bkg/$(channel)/Wjets/Sherpa2p2/Nom/tv/
363342 /bkg/$(channel)/Wjets/Sherpa2p2/Nom/tv/
363343 /bkg/$(channel)/Wjets/Sherpa2p2/Nom/tv/
363344 /bkg/$(channel)/Wjets/Sherpa2p2/Nom/tv/
363345 /bkg/$(channel)/Wjets/Sherpa2p2/Nom/tv/
363346 /bkg/$(channel)/Wjets/Sherpa2p2/Nom/tv/
363347 /bkg/$(channel)/Wjets/Sherpa2p2/Nom/tv/
363348 /bkg/$(channel)/Wjets/Sherpa2p2/Nom/tv/
363349 /bkg/$(channel)/Wjets/Sherpa2p2/Nom/tv/
363350 /bkg/$(channel)/Wjets/Sherpa2p2/Nom/tv/
363351 /bkg/$(channel)/Wjets/Sherpa2p2/Nom/tv/
363352 /bkg/$(channel)/Wjets/Sherpa2p2/Nom/tv/
363353 /bkg/$(channel)/Wjets/Sherpa2p2/Nom/tv/
363354 /bkg/$(channel)/Wjets/Sherpa2p2/Nom/tv/

363436 /bkg/$(channel)/Wjets/Sherpa2p2/Nom/mv/
363437 /bkg/$(channel)/Wjets/Sherpa2p2/Nom/mv/
363438 /bkg/$(channel)/Wjets/Sherpa2p2/Nom/mv/
363439 /bkg/$(channel)/Wjets/Sherpa2p2/Nom/mv/
363440 /bkg/$(channel)/Wjets/Sherpa2p2/Nom/mv/
363441 /bkg/$(channel)/Wjets/Sherpa2p2/Nom/mv/
363442 /bkg/$(channel)/Wjets/Sherpa2p2/Nom/mv/
363443 /bkg/$(channel)/Wjets/Sherpa2p2/Nom/mv/
363444 /bkg/$(channel)/Wjets/Sherpa2p2/Nom/mv/
363445 /bkg/$(channel)/Wjets/Sherpa2p2/Nom/mv/
363446 /bkg/$(channel)/Wjets/Sherpa2p2/Nom/mv/
363447 /bkg/$(channel)/Wjets/Sherpa2p2/Nom/mv/
363448 /bkg/$(channel)/Wjets/Sherpa2p2/Nom/mv/
363449 /bkg/$(channel)/Wjets/Sherpa2p2/Nom/mv/
363450 /bkg/$(channel)/Wjets/Sherpa2p2/Nom/mv/
363451 /bkg/$(channel)/Wjets/Sherpa2p2/Nom/mv/
363452 /bkg/$(channel)/Wjets/Sherpa2p2/Nom/mv/
363453 /bkg/$(channel)/Wjets/Sherpa2p2/Nom/mv/
363454 /bkg/$(channel)/Wjets/Sherpa2p2/Nom/mv/
363455 /bkg/$(channel)/Wjets/Sherpa2p2/Nom/mv/
363456 /bkg/$(channel)/Wjets/Sherpa2p2/Nom/mv/
363457 /bkg/$(channel)/Wjets/Sherpa2p2/Nom/mv/
363458 /bkg/$(channel)/Wjets/Sherpa2p2/Nom/mv/
363459 /bkg/$(channel)/Wjets/Sherpa2p2/Nom/mv/

363460 /bkg/$(channel)/Wjets/Sherpa2p2/Nom/ev/
363461 /bkg/$(channel)/Wjets/Sherpa2p2/Nom/ev/
363462 /bkg/$(channel)/Wjets/Sherpa2p2/Nom/ev/
363463 /bkg/$(channel)/Wjets/Sherpa2p2/Nom/ev/
363464 /bkg/$(channel)/Wjets/Sherpa2p2/Nom/ev/
363465 /bkg/$(channel)/Wjets/Sherpa2p2/Nom/ev/
363466 /bkg/$(channel)/Wjets/Sherpa2p2/Nom/ev/
363467 /bkg/$(channel)/Wjets/Sherpa2p2/Nom/ev/
363468 /bkg/$(channel)/Wjets/Sherpa2p2/Nom/ev/
363469 /bkg/$(channel)/Wjets/Sherpa2p2/Nom/ev/
363470 /bkg/$(channel)/Wjets/Sherpa2p2/Nom/ev/
363471 /bkg/$(channel)/Wjets/Sherpa2p2/Nom/ev/
363472 /bkg/$(channel)/Wjets/Sherpa2p2/Nom/ev/
363473 /bkg/$(channel)/Wjets/Sherpa2p2/Nom/ev/
363474 /bkg/$(channel)/Wjets/Sherpa2p2/Nom/ev/
363475 /bkg/$(channel)/Wjets/Sherpa2p2/Nom/ev/
363476 /bkg/$(channel)/Wjets/Sherpa2p2/Nom/ev/
363477 /bkg/$(channel)/Wjets/Sherpa2p2/Nom/ev/
363478 /bkg/$(channel)/Wjets/Sherpa2p2/Nom/ev/
363479 /bkg/$(channel)/Wjets/Sherpa2p2/Nom/ev/
363480 /bkg/$(channel)/Wjets/Sherpa2p2/Nom/ev/
363481 /bkg/$(channel)/Wjets/Sherpa2p2/Nom/ev/
363482 /bkg/$(channel)/Wjets/Sherpa2p2/Nom/ev/
363483 /bkg/$(channel)/Wjets/Sherpa2p2/Nom/ev/

301535 /bkg/$(channel)/Vgamma/ZgammaLO/eeg/
301536 /bkg/$(channel)/Vgamma/ZgammaLO/mmg/
304776 /bkg/$(channel)/Vgamma/ZgammaLO/ttg/
301887 /bkg/$(channel)/Vgamma/WgammaLO/evg/
301888 /bkg/$(channel)/Vgamma/WgammaLO/mvg/
301889 /bkg/$(channel)/Vgamma/WgammaLO/tvg/
301890 /bkg/$(channel)/Vgamma/WgammaLO/evg/
301891 /bkg/$(channel)/Vgamma/WgammaLO/evg/
301892 /bkg/$(channel)/Vgamma/WgammaLO/evg/
301893 /bkg/$(channel)/Vgamma/WgammaLO/mvg/
301894 /bkg/$(channel)/Vgamma/WgammaLO/mvg/
301895 /bkg/$(channel)/Vgamma/WgammaLO/mvg/
301896 /bkg/$(channel)/Vgamma/WgammaLO/tvg/
301897 /bkg/$(channel)/Vgamma/WgammaLO/tvg/
301898 /bkg/$(channel)/Vgamma/WgammaLO/tvg/
301899 /bkg/$(channel)/Vgamma/ZgammaLO/eeg/
301900 /bkg/$(channel)/Vgamma/ZgammaLO/eeg/
301901 /bkg/$(channel)/Vgamma/ZgammaLO/eeg/
301902 /bkg/$(channel)/Vgamma/ZgammaLO/mmg/
301903 /bkg/$(channel)/Vgamma/ZgammaLO/mmg/
301904 /bkg/$(channel)/Vgamma/ZgammaLO/mmg/
301905 /bkg/$(channel)/Vgamma/ZgammaLO/ttg/
301906 /bkg/$(channel)/Vgamma/ZgammaLO/ttg/
301907 /bkg/$(channel)/Vgamma/ZgammaLO/ttg/

364521 /bkg/$(channel)/Vgamma/Wgamma/evg/
364522 /bkg/$(channel)/Vgamma/Wgamma/evg/
364523 /bkg/$(channel)/Vgamma/Wgamma/evg/
364524 /bkg/$(channel)/Vgamma/Wgamma/evg/
364525 /bkg/$(channel)/Vgamma/Wgamma/evg/
364526 /bkg/$(channel)/Vgamma/Wgamma/mvg/
364527 /bkg/$(channel)/Vgamma/Wgamma/mvg/
364528 /bkg/$(channel)/Vgamma/Wgamma/mvg/
364529 /bkg/$(channel)/Vgamma/Wgamma/mvg/
364530 /bkg/$(channel)/Vgamma/Wgamma/mvg/
364531 /bkg/$(channel)/Vgamma/Wgamma/tvg/
364532 /bkg/$(channel)/Vgamma/Wgamma/tvg/
364533 /bkg/$(channel)/Vgamma/Wgamma/tvg/
364534 /bkg/$(channel)/Vgamma/Wgamma/tvg/
364535 /bkg/$(channel)/Vgamma/Wgamma/tvg/
364500 /bkg/$(channel)/Vgamma/Zgamma/eeg/
364501 /bkg/$(channel)/Vgamma/Zgamma/eeg/
364502 /bkg/$(channel)/Vgamma/Zgamma/eeg/
364503 /bkg/$(channel)/Vgamma/Zgamma/eeg/
364504 /bkg/$(channel)/Vgamma/Zgamma/eeg/
364505 /bkg/$(channel)/Vgamma/Zgamma/mmg/
364506 /bkg/$(channel)/Vgamma/Zgamma/mmg/
364507 /bkg/$(channel)/Vgamma/Zgamma/mmg/
364508 /bkg/$(channel)/Vgamma/Zgamma/mmg/
364509 /bkg/$(channel)/Vgamma/Zgamma/mmg/
364510 /bkg/$(channel)/Vgamma/Zgamma/ttg/
364511 /bkg/$(channel)/Vgamma/Zgamma/ttg/
364512 /bkg/$(channel)/Vgamma/Zgamma/ttg/
364513 /bkg/$(channel)/Vgamma/Zgamma/ttg/
364514 /bkg/$(channel)/Vgamma/Zgamma/ttg/


423201 /bkg/$(channel)/Jpsi/
424100 /bkg/$(channel)/Jpsi/

# dijet MC
361020 /bkg/$(channel)/Dijet/PythiaEvtGen/
361021 /bkg/$(channel)/Dijet/PythiaEvtGen/
361022 /bkg/$(channel)/Dijet/PythiaEvtGen/
361023 /bkg/$(channel)/Dijet/PythiaEvtGen/
361024 /bkg/$(channel)/Dijet/PythiaEvtGen/
361025 /bkg/$(channel)/Dijet/PythiaEvtGen/
361026 /bkg/$(channel)/Dijet/PythiaEvtGen/
361027 /bkg/$(channel)/Dijet/PythiaEvtGen/
361028 /bkg/$(channel)/Dijet/PythiaEvtGen/
361029 /bkg/$(channel)/Dijet/PythiaEvtGen/
361030 /bkg/$(channel)/Dijet/PythiaEvtGen/
361031 /bkg/$(channel)/Dijet/PythiaEvtGen/
361032 /bkg/$(channel)/Dijet/PythiaEvtGen/

426001 /bkg/$(channel)/Dijet/PowhegPythia/
426002 /bkg/$(channel)/Dijet/PowhegPythia/
426003 /bkg/$(channel)/Dijet/PowhegPythia/
426004 /bkg/$(channel)/Dijet/PowhegPythia/
426005 /bkg/$(channel)/Dijet/PowhegPythia/
426006 /bkg/$(channel)/Dijet/PowhegPythia/
426007 /bkg/$(channel)/Dijet/PowhegPythia/
426008 /bkg/$(channel)/Dijet/PowhegPythia/
426009 /bkg/$(channel)/Dijet/PowhegPythia/

426131 /bkg/$(channel)/Dijet/Sherpa/
426132 /bkg/$(channel)/Dijet/Sherpa/
426133 /bkg/$(channel)/Dijet/Sherpa/
426134 /bkg/$(channel)/Dijet/Sherpa/
426135 /bkg/$(channel)/Dijet/Sherpa/
426136 /bkg/$(channel)/Dijet/Sherpa/
426137 /bkg/$(channel)/Dijet/Sherpa/
426138 /bkg/$(channel)/Dijet/Sherpa/
426139 /bkg/$(channel)/Dijet/Sherpa/
426140 /bkg/$(channel)/Dijet/Sherpa/
426141 /bkg/$(channel)/Dijet/Sherpa/
426142 /bkg/$(channel)/Dijet/Sherpa/


361800 /bkg/$(channel)/Wjets/Alpgen/ev/
361801 /bkg/$(channel)/Wjets/Alpgen/ev/
361802 /bkg/$(channel)/Wjets/Alpgen/ev/
361803 /bkg/$(channel)/Wjets/Alpgen/ev/
361804 /bkg/$(channel)/Wjets/Alpgen/ev/
361805 /bkg/$(channel)/Wjets/Alpgen/ev/
361810 /bkg/$(channel)/Wjets/Alpgen/mv/
361811 /bkg/$(channel)/Wjets/Alpgen/mv/
361812 /bkg/$(channel)/Wjets/Alpgen/mv/
361813 /bkg/$(channel)/Wjets/Alpgen/mv/
361814 /bkg/$(channel)/Wjets/Alpgen/mv/
361815 /bkg/$(channel)/Wjets/Alpgen/mv/
361820 /bkg/$(channel)/Wjets/Alpgen/tv/
361821 /bkg/$(channel)/Wjets/Alpgen/tv/
361822 /bkg/$(channel)/Wjets/Alpgen/tv/
361823 /bkg/$(channel)/Wjets/Alpgen/tv/
361824 /bkg/$(channel)/Wjets/Alpgen/tv/
361825 /bkg/$(channel)/Wjets/Alpgen/tv/
361830 /bkg/$(channel)/Wjets/Alpgen/ev/
361831 /bkg/$(channel)/Wjets/Alpgen/ev/
361832 /bkg/$(channel)/Wjets/Alpgen/ev/
361833 /bkg/$(channel)/Wjets/Alpgen/ev/
361835 /bkg/$(channel)/Wjets/Alpgen/mv/
361836 /bkg/$(channel)/Wjets/Alpgen/mv/
361837 /bkg/$(channel)/Wjets/Alpgen/mv/
361838 /bkg/$(channel)/Wjets/Alpgen/mv/
361840 /bkg/$(channel)/Wjets/Alpgen/tv/
361841 /bkg/$(channel)/Wjets/Alpgen/tv/
361842 /bkg/$(channel)/Wjets/Alpgen/tv/
361843 /bkg/$(channel)/Wjets/Alpgen/tv/
361845 /bkg/$(channel)/Wjets/Alpgen/ev/
361846 /bkg/$(channel)/Wjets/Alpgen/ev/
361847 /bkg/$(channel)/Wjets/Alpgen/ev/
361848 /bkg/$(channel)/Wjets/Alpgen/ev/
361850 /bkg/$(channel)/Wjets/Alpgen/mv/
361851 /bkg/$(channel)/Wjets/Alpgen/mv/
361852 /bkg/$(channel)/Wjets/Alpgen/mv/
361853 /bkg/$(channel)/Wjets/Alpgen/mv/
361855 /bkg/$(channel)/Wjets/Alpgen/tv/
361856 /bkg/$(channel)/Wjets/Alpgen/tv/
361857 /bkg/$(channel)/Wjets/Alpgen/tv/
361858 /bkg/$(channel)/Wjets/Alpgen/tv/
361860 /bkg/$(channel)/Wjets/Alpgen/ev/
361861 /bkg/$(channel)/Wjets/Alpgen/ev/
361862 /bkg/$(channel)/Wjets/Alpgen/ev/
361863 /bkg/$(channel)/Wjets/Alpgen/ev/
361864 /bkg/$(channel)/Wjets/Alpgen/ev/
361865 /bkg/$(channel)/Wjets/Alpgen/mv/
361866 /bkg/$(channel)/Wjets/Alpgen/mv/
361867 /bkg/$(channel)/Wjets/Alpgen/mv/
361868 /bkg/$(channel)/Wjets/Alpgen/mv/
361869 /bkg/$(channel)/Wjets/Alpgen/mv/
361870 /bkg/$(channel)/Wjets/Alpgen/tv/
361871 /bkg/$(channel)/Wjets/Alpgen/tv/
361872 /bkg/$(channel)/Wjets/Alpgen/tv/
361873 /bkg/$(channel)/Wjets/Alpgen/tv/
361874 /bkg/$(channel)/Wjets/Alpgen/tv/

363600 /bkg/$(channel)/Wjets/MadGraph/ev/
363601 /bkg/$(channel)/Wjets/MadGraph/ev/
363602 /bkg/$(channel)/Wjets/MadGraph/ev/
363603 /bkg/$(channel)/Wjets/MadGraph/ev/
363604 /bkg/$(channel)/Wjets/MadGraph/ev/
363605 /bkg/$(channel)/Wjets/MadGraph/ev/
363606 /bkg/$(channel)/Wjets/MadGraph/ev/
363607 /bkg/$(channel)/Wjets/MadGraph/ev/
363608 /bkg/$(channel)/Wjets/MadGraph/ev/
363609 /bkg/$(channel)/Wjets/MadGraph/ev/
363610 /bkg/$(channel)/Wjets/MadGraph/ev/
363611 /bkg/$(channel)/Wjets/MadGraph/ev/
363612 /bkg/$(channel)/Wjets/MadGraph/ev/
363613 /bkg/$(channel)/Wjets/MadGraph/ev/
363614 /bkg/$(channel)/Wjets/MadGraph/ev/
363615 /bkg/$(channel)/Wjets/MadGraph/ev/
363616 /bkg/$(channel)/Wjets/MadGraph/ev/
363617 /bkg/$(channel)/Wjets/MadGraph/ev/
363618 /bkg/$(channel)/Wjets/MadGraph/ev/
363619 /bkg/$(channel)/Wjets/MadGraph/ev/
363620 /bkg/$(channel)/Wjets/MadGraph/ev/
363621 /bkg/$(channel)/Wjets/MadGraph/ev/
363622 /bkg/$(channel)/Wjets/MadGraph/ev/
363623 /bkg/$(channel)/Wjets/MadGraph/ev/

363624 /bkg/$(channel)/Wjets/MadGraph/mv/
363625 /bkg/$(channel)/Wjets/MadGraph/mv/
363626 /bkg/$(channel)/Wjets/MadGraph/mv/
363627 /bkg/$(channel)/Wjets/MadGraph/mv/
363628 /bkg/$(channel)/Wjets/MadGraph/mv/
363629 /bkg/$(channel)/Wjets/MadGraph/mv/
363630 /bkg/$(channel)/Wjets/MadGraph/mv/
363631 /bkg/$(channel)/Wjets/MadGraph/mv/
363632 /bkg/$(channel)/Wjets/MadGraph/mv/
363633 /bkg/$(channel)/Wjets/MadGraph/mv/
363634 /bkg/$(channel)/Wjets/MadGraph/mv/
363635 /bkg/$(channel)/Wjets/MadGraph/mv/
363636 /bkg/$(channel)/Wjets/MadGraph/mv/
363637 /bkg/$(channel)/Wjets/MadGraph/mv/
363638 /bkg/$(channel)/Wjets/MadGraph/mv/
363639 /bkg/$(channel)/Wjets/MadGraph/mv/
363640 /bkg/$(channel)/Wjets/MadGraph/mv/
363641 /bkg/$(channel)/Wjets/MadGraph/mv/
363642 /bkg/$(channel)/Wjets/MadGraph/mv/
363643 /bkg/$(channel)/Wjets/MadGraph/mv/
363644 /bkg/$(channel)/Wjets/MadGraph/mv/
363645 /bkg/$(channel)/Wjets/MadGraph/mv/
363646 /bkg/$(channel)/Wjets/MadGraph/mv/
363647 /bkg/$(channel)/Wjets/MadGraph/mv/

363648 /bkg/$(channel)/Wjets/MadGraph/tv/
363649 /bkg/$(channel)/Wjets/MadGraph/tv/
363650 /bkg/$(channel)/Wjets/MadGraph/tv/
363651 /bkg/$(channel)/Wjets/MadGraph/tv/
363652 /bkg/$(channel)/Wjets/MadGraph/tv/
363653 /bkg/$(channel)/Wjets/MadGraph/tv/
363654 /bkg/$(channel)/Wjets/MadGraph/tv/
363655 /bkg/$(channel)/Wjets/MadGraph/tv/
363656 /bkg/$(channel)/Wjets/MadGraph/tv/
363657 /bkg/$(channel)/Wjets/MadGraph/tv/
363658 /bkg/$(channel)/Wjets/MadGraph/tv/
363659 /bkg/$(channel)/Wjets/MadGraph/tv/
363660 /bkg/$(channel)/Wjets/MadGraph/tv/
363661 /bkg/$(channel)/Wjets/MadGraph/tv/
363662 /bkg/$(channel)/Wjets/MadGraph/tv/
363663 /bkg/$(channel)/Wjets/MadGraph/tv/
363664 /bkg/$(channel)/Wjets/MadGraph/tv/
363665 /bkg/$(channel)/Wjets/MadGraph/tv/
363666 /bkg/$(channel)/Wjets/MadGraph/tv/
363667 /bkg/$(channel)/Wjets/MadGraph/tv/
363668 /bkg/$(channel)/Wjets/MadGraph/tv/
363669 /bkg/$(channel)/Wjets/MadGraph/tv/
363670 /bkg/$(channel)/Wjets/MadGraph/tv/
363671 /bkg/$(channel)/Wjets/MadGraph/tv/

#Single photon
343279 /bkg/$(channel)/SinglePhoton/
343281 /bkg/$(channel)/SinglePhoton/
343283 /bkg/$(channel)/SinglePhoton/
361039 /bkg/$(channel)/SinglePhoton/
361040 /bkg/$(channel)/SinglePhoton/
361041 /bkg/$(channel)/SinglePhoton/
361042 /bkg/$(channel)/SinglePhoton/
361043 /bkg/$(channel)/SinglePhoton/
361044 /bkg/$(channel)/SinglePhoton/
361045 /bkg/$(channel)/SinglePhoton/
361046 /bkg/$(channel)/SinglePhoton/
361047 /bkg/$(channel)/SinglePhoton/
361048 /bkg/$(channel)/SinglePhoton/
361049 /bkg/$(channel)/SinglePhoton/
361050 /bkg/$(channel)/SinglePhoton/
361051 /bkg/$(channel)/SinglePhoton/
361052 /bkg/$(channel)/SinglePhoton/
361053 /bkg/$(channel)/SinglePhoton/
361054 /bkg/$(channel)/SinglePhoton/
361055 /bkg/$(channel)/SinglePhoton/
361056 /bkg/$(channel)/SinglePhoton/
361057 /bkg/$(channel)/SinglePhoton/
361058 /bkg/$(channel)/SinglePhoton/
361059 /bkg/$(channel)/SinglePhoton/
361060 /bkg/$(channel)/SinglePhoton/
361061 /bkg/$(channel)/SinglePhoton/
361062 /bkg/$(channel)/SinglePhoton/

