

##Powheg Z+jets
361106 /bkg/$(channel)/Zjets_Powheg/ee/
361107 /bkg/$(channel)/Zjets_Powheg/mm/
361108 /bkg/$(channel)/Zjets_Powheg/tt/


##Alpgen Z+jets
361700 /bkg/$(channel)/Zjets_Alpgen/ee/
361701 /bkg/$(channel)/Zjets_Alpgen/ee/
361702 /bkg/$(channel)/Zjets_Alpgen/ee/
361703 /bkg/$(channel)/Zjets_Alpgen/ee/
361704 /bkg/$(channel)/Zjets_Alpgen/ee/
361705 /bkg/$(channel)/Zjets_Alpgen/ee/
361710 /bkg/$(channel)/Zjets_Alpgen/mm/
361711 /bkg/$(channel)/Zjets_Alpgen/mm/
361712 /bkg/$(channel)/Zjets_Alpgen/mm/
361713 /bkg/$(channel)/Zjets_Alpgen/mm/
361714 /bkg/$(channel)/Zjets_Alpgen/mm/
361715 /bkg/$(channel)/Zjets_Alpgen/mm/
361720 /bkg/$(channel)/Zjets_Alpgen/tt/
361721 /bkg/$(channel)/Zjets_Alpgen/tt/
361722 /bkg/$(channel)/Zjets_Alpgen/tt/
361723 /bkg/$(channel)/Zjets_Alpgen/tt/
361724 /bkg/$(channel)/Zjets_Alpgen/tt/
361725 /bkg/$(channel)/Zjets_Alpgen/tt/
361730 /bkg/$(channel)/Zjets_Alpgen/ee/
361731 /bkg/$(channel)/Zjets_Alpgen/ee/
361732 /bkg/$(channel)/Zjets_Alpgen/ee/
361733 /bkg/$(channel)/Zjets_Alpgen/ee/
361735 /bkg/$(channel)/Zjets_Alpgen/ee/
361736 /bkg/$(channel)/Zjets_Alpgen/ee/
361737 /bkg/$(channel)/Zjets_Alpgen/ee/
361738 /bkg/$(channel)/Zjets_Alpgen/ee/
361740 /bkg/$(channel)/Zjets_Alpgen/mm/
361741 /bkg/$(channel)/Zjets_Alpgen/mm/
361742 /bkg/$(channel)/Zjets_Alpgen/mm/
361743 /bkg/$(channel)/Zjets_Alpgen/mm/
361745 /bkg/$(channel)/Zjets_Alpgen/mm/
361746 /bkg/$(channel)/Zjets_Alpgen/mm/
361747 /bkg/$(channel)/Zjets_Alpgen/mm/
361748 /bkg/$(channel)/Zjets_Alpgen/mm/
361750 /bkg/$(channel)/Zjets_Alpgen/tt/
361751 /bkg/$(channel)/Zjets_Alpgen/tt/
361752 /bkg/$(channel)/Zjets_Alpgen/tt/
361753 /bkg/$(channel)/Zjets_Alpgen/tt/
361755 /bkg/$(channel)/Zjets_Alpgen/tt/
361756 /bkg/$(channel)/Zjets_Alpgen/tt/
361757 /bkg/$(channel)/Zjets_Alpgen/tt/
361758 /bkg/$(channel)/Zjets_Alpgen/tt/

##Sherpa 2.2.1 Z+jets
364100 /bkg/$(channel)/Zjets_Sherpa2p2p1/mm/
364101 /bkg/$(channel)/Zjets_Sherpa2p2p1/mm/
364102 /bkg/$(channel)/Zjets_Sherpa2p2p1/mm/
364103 /bkg/$(channel)/Zjets_Sherpa2p2p1/mm/
364104 /bkg/$(channel)/Zjets_Sherpa2p2p1/mm/
364105 /bkg/$(channel)/Zjets_Sherpa2p2p1/mm/
364106 /bkg/$(channel)/Zjets_Sherpa2p2p1/mm/
364107 /bkg/$(channel)/Zjets_Sherpa2p2p1/mm/
364108 /bkg/$(channel)/Zjets_Sherpa2p2p1/mm/
364109 /bkg/$(channel)/Zjets_Sherpa2p2p1/mm/
364110 /bkg/$(channel)/Zjets_Sherpa2p2p1/mm/
364111 /bkg/$(channel)/Zjets_Sherpa2p2p1/mm/
364112 /bkg/$(channel)/Zjets_Sherpa2p2p1/mm/
364113 /bkg/$(channel)/Zjets_Sherpa2p2p1/mm/
364114 /bkg/$(channel)/Zjets_Sherpa2p2p1/ee/
364115 /bkg/$(channel)/Zjets_Sherpa2p2p1/ee/
364116 /bkg/$(channel)/Zjets_Sherpa2p2p1/ee/
364117 /bkg/$(channel)/Zjets_Sherpa2p2p1/ee/
364118 /bkg/$(channel)/Zjets_Sherpa2p2p1/ee/
364119 /bkg/$(channel)/Zjets_Sherpa2p2p1/ee/
364120 /bkg/$(channel)/Zjets_Sherpa2p2p1/ee/
364121 /bkg/$(channel)/Zjets_Sherpa2p2p1/ee/
364122 /bkg/$(channel)/Zjets_Sherpa2p2p1/ee/
364123 /bkg/$(channel)/Zjets_Sherpa2p2p1/ee/
364124 /bkg/$(channel)/Zjets_Sherpa2p2p1/ee/
364125 /bkg/$(channel)/Zjets_Sherpa2p2p1/ee/
364126 /bkg/$(channel)/Zjets_Sherpa2p2p1/ee/
364127 /bkg/$(channel)/Zjets_Sherpa2p2p1/ee/
364128 /bkg/$(channel)/Zjets_Sherpa2p2p1/tt/
364129 /bkg/$(channel)/Zjets_Sherpa2p2p1/tt/
364130 /bkg/$(channel)/Zjets_Sherpa2p2p1/tt/
364131 /bkg/$(channel)/Zjets_Sherpa2p2p1/tt/
364132 /bkg/$(channel)/Zjets_Sherpa2p2p1/tt/
364133 /bkg/$(channel)/Zjets_Sherpa2p2p1/tt/
364134 /bkg/$(channel)/Zjets_Sherpa2p2p1/tt/
364135 /bkg/$(channel)/Zjets_Sherpa2p2p1/tt/
364136 /bkg/$(channel)/Zjets_Sherpa2p2p1/tt/
364137 /bkg/$(channel)/Zjets_Sherpa2p2p1/tt/
364138 /bkg/$(channel)/Zjets_Sherpa2p2p1/tt/
364139 /bkg/$(channel)/Zjets_Sherpa2p2p1/tt/
364140 /bkg/$(channel)/Zjets_Sherpa2p2p1/tt/
364141 /bkg/$(channel)/Zjets_Sherpa2p2p1/tt/

##Powheg diboson
361600 /bkg/$(channel)/dp/WW/qqWW/
361601 /bkg/$(channel)/dp/NonWW/qq/WZgammaStar/WZ/lvll/
361602 /bkg/$(channel)/dp/NonWW/qq/WZgammaStar/WZ/lvvv/
361603 /bkg/$(channel)/dp/NonWW/qq/ZZ/4l/
361604 /bkg/$(channel)/dp/NonWW/qq/ZZ/vvll/
361605 /bkg/$(channel)/dp/NonWW/qq/ZZ/4v/
361606 /bkg/$(channel)/dp/WW/qqWW/
361607 /bkg/$(channel)/dp/NonWW/qq/WZgammaStar/WZ/Vqq/
361608 /bkg/$(channel)/dp/NonWW/qq/WZgammaStar/WZ/Vqq/
361610 /bkg/$(channel)/dp/NonWW/qq/ZZ/llqq/
361611 /bkg/$(channel)/dp/NonWW/qq/ZZ/vvqq/

##Sherpa diboson
364250 /bkg/$(channel)/diboson/NonWW/qq/ZZ/
# low-mll
364288 /bkg/$(channel)/diboson/NonWW/qq/ZZ/
# end low-mll
361064 /bkg/$(channel)/diboson/NonWW/qq/WZgammaStar/
361065 /bkg/$(channel)/diboson/NonWW/qq/WZgammaStar/
361066 /bkg/$(channel)/diboson/NonWW/qq/WZgammaStar/
361067 /bkg/$(channel)/diboson/NonWW/qq/WZgammaStar/
364254 /bkg/$(channel)/diboson/WW/qqWW/
361077 /bkg/$(channel)/diboson/NonWW/gg/ZZ/

364253 /bkg/$(channel)/diboson/NonWW/qq/WZgammaStar/WZ/lvll/

## ZZ Sherpa 2.1
361063 /bkg/$(channel)/diboson/NonWW/Sherpa2p1/qq/ZZ/4l/
361072 /bkg/$(channel)/diboson/NonWW/Sherpa2p1/qq/ZZ/VBS/
361073 /bkg/$(channel)/diboson/NonWW/Sherpa2p1/gg/ZZ/4l/HB/
361096 /bkg/$(channel)/diboson/NonWW/Sherpa2p1/qq/ZZ/Vqq/llqq/Sherpa_SHv12_improved/
361097 /bkg/$(channel)/diboson/NonWW/Sherpa2p1/qq/ZZ/Vqq/vvqq/Sherpa_SHv12_improved/

##TTbar
#410009 /bkg/$(channel)/top/ttbar/
410503 /bkg/$(channel)/top/ttbar/

##single top Wt
410015 /bkg/$(channel)/top/singletop/Wt/
410016 /bkg/$(channel)/top/singletop/Wt/

##single top Zt
410050 /bkg/$(channel)/top/singletop/tZ/

##ttbar + V
410066 /bkg/$(channel)/top/ttW/
410067 /bkg/$(channel)/top/ttW/
410068 /bkg/$(channel)/top/ttW/
410069 /bkg/$(channel)/top/ttZ/
410070 /bkg/$(channel)/top/ttZ/

##triboson
361620 /bkg/$(channel)/triboson/WWW
361621 /bkg/$(channel)/triboson/WWZ
361622 /bkg/$(channel)/triboson/WWZ
361623 /bkg/$(channel)/triboson/WZZ
361624 /bkg/$(channel)/triboson/WZZ
361625 /bkg/$(channel)/triboson/ZZZ
361626 /bkg/$(channel)/triboson/ZZZ
361627 /bkg/$(channel)/triboson/ZZZ

## W+gamma
301887 /bkg/$(channel)/Vgamma/Wgamma/evg/
301890 /bkg/$(channel)/Vgamma/Wgamma/evg/
301891 /bkg/$(channel)/Vgamma/Wgamma/evg/
301892 /bkg/$(channel)/Vgamma/Wgamma/evg/
301888 /bkg/$(channel)/Vgamma/Wgamma/mvg/
301893 /bkg/$(channel)/Vgamma/Wgamma/mvg/
301894 /bkg/$(channel)/Vgamma/Wgamma/mvg/
301895 /bkg/$(channel)/Vgamma/Wgamma/mvg/
301889 /bkg/$(channel)/Vgamma/Wgamma/tvg/
301896 /bkg/$(channel)/Vgamma/Wgamma/tvg/
301897 /bkg/$(channel)/Vgamma/Wgamma/tvg/
301898 /bkg/$(channel)/Vgamma/Wgamma/tvg/

## Z+gamma
301535 /bkg/$(channel)/Vgamma/Zgamma/eeg/
301899 /bkg/$(channel)/Vgamma/Zgamma/eeg/
301900 /bkg/$(channel)/Vgamma/Zgamma/eeg/
301901 /bkg/$(channel)/Vgamma/Zgamma/eeg/
301536 /bkg/$(channel)/Vgamma/Zgamma/mmg/
301902 /bkg/$(channel)/Vgamma/Zgamma/mmg/
301903 /bkg/$(channel)/Vgamma/Zgamma/mmg/
301904 /bkg/$(channel)/Vgamma/Zgamma/mmg/
304776 /bkg/$(channel)/Vgamma/Zgamma/ttg/
301905 /bkg/$(channel)/Vgamma/Zgamma/ttg/
301906 /bkg/$(channel)/Vgamma/Zgamma/ttg/
301907 /bkg/$(channel)/Vgamma/Zgamma/ttg/
