
## Powheg Z+jets
361106 /bkg/$(channel)/$(campaign)/Zjets_Powheg/ee/
361107 /bkg/$(channel)/$(campaign)/Zjets_Powheg/mm/
361108 /bkg/$(channel)/$(campaign)/Zjets_Powheg/tt/

## Alpgen Z+jets
361700 /bkg/$(channel)/$(campaign)/Zjets_Alpgen/ee/
361701 /bkg/$(channel)/$(campaign)/Zjets_Alpgen/ee/
361702 /bkg/$(channel)/$(campaign)/Zjets_Alpgen/ee/
361703 /bkg/$(channel)/$(campaign)/Zjets_Alpgen/ee/
361704 /bkg/$(channel)/$(campaign)/Zjets_Alpgen/ee/
361705 /bkg/$(channel)/$(campaign)/Zjets_Alpgen/ee/
361710 /bkg/$(channel)/$(campaign)/Zjets_Alpgen/mm/
361711 /bkg/$(channel)/$(campaign)/Zjets_Alpgen/mm/
361712 /bkg/$(channel)/$(campaign)/Zjets_Alpgen/mm/
361713 /bkg/$(channel)/$(campaign)/Zjets_Alpgen/mm/
361714 /bkg/$(channel)/$(campaign)/Zjets_Alpgen/mm/
361715 /bkg/$(channel)/$(campaign)/Zjets_Alpgen/mm/
361720 /bkg/$(channel)/$(campaign)/Zjets_Alpgen/tt/
361721 /bkg/$(channel)/$(campaign)/Zjets_Alpgen/tt/
361722 /bkg/$(channel)/$(campaign)/Zjets_Alpgen/tt/
361723 /bkg/$(channel)/$(campaign)/Zjets_Alpgen/tt/
361724 /bkg/$(channel)/$(campaign)/Zjets_Alpgen/tt/
361725 /bkg/$(channel)/$(campaign)/Zjets_Alpgen/tt/
361730 /bkg/$(channel)/$(campaign)/Zjets_Alpgen/ee/
361731 /bkg/$(channel)/$(campaign)/Zjets_Alpgen/ee/
361732 /bkg/$(channel)/$(campaign)/Zjets_Alpgen/ee/
361733 /bkg/$(channel)/$(campaign)/Zjets_Alpgen/ee/
361735 /bkg/$(channel)/$(campaign)/Zjets_Alpgen/ee/
361736 /bkg/$(channel)/$(campaign)/Zjets_Alpgen/ee/
361737 /bkg/$(channel)/$(campaign)/Zjets_Alpgen/ee/
361738 /bkg/$(channel)/$(campaign)/Zjets_Alpgen/ee/
361740 /bkg/$(channel)/$(campaign)/Zjets_Alpgen/mm/
361741 /bkg/$(channel)/$(campaign)/Zjets_Alpgen/mm/
361742 /bkg/$(channel)/$(campaign)/Zjets_Alpgen/mm/
361743 /bkg/$(channel)/$(campaign)/Zjets_Alpgen/mm/
361745 /bkg/$(channel)/$(campaign)/Zjets_Alpgen/mm/
361746 /bkg/$(channel)/$(campaign)/Zjets_Alpgen/mm/
361747 /bkg/$(channel)/$(campaign)/Zjets_Alpgen/mm/
361748 /bkg/$(channel)/$(campaign)/Zjets_Alpgen/mm/
361750 /bkg/$(channel)/$(campaign)/Zjets_Alpgen/tt/
361751 /bkg/$(channel)/$(campaign)/Zjets_Alpgen/tt/
361752 /bkg/$(channel)/$(campaign)/Zjets_Alpgen/tt/
361753 /bkg/$(channel)/$(campaign)/Zjets_Alpgen/tt/
361755 /bkg/$(channel)/$(campaign)/Zjets_Alpgen/tt/
361756 /bkg/$(channel)/$(campaign)/Zjets_Alpgen/tt/
361757 /bkg/$(channel)/$(campaign)/Zjets_Alpgen/tt/
361758 /bkg/$(channel)/$(campaign)/Zjets_Alpgen/tt/

## Sherpa 2.2.1 Z+jets
364100 /bkg/$(channel)/$(campaign)/Zjets_Sherpa2p2p1/mm/
364101 /bkg/$(channel)/$(campaign)/Zjets_Sherpa2p2p1/mm/
364102 /bkg/$(channel)/$(campaign)/Zjets_Sherpa2p2p1/mm/
364103 /bkg/$(channel)/$(campaign)/Zjets_Sherpa2p2p1/mm/
364104 /bkg/$(channel)/$(campaign)/Zjets_Sherpa2p2p1/mm/
364105 /bkg/$(channel)/$(campaign)/Zjets_Sherpa2p2p1/mm/
364106 /bkg/$(channel)/$(campaign)/Zjets_Sherpa2p2p1/mm/
364107 /bkg/$(channel)/$(campaign)/Zjets_Sherpa2p2p1/mm/
364108 /bkg/$(channel)/$(campaign)/Zjets_Sherpa2p2p1/mm/
364109 /bkg/$(channel)/$(campaign)/Zjets_Sherpa2p2p1/mm/
364110 /bkg/$(channel)/$(campaign)/Zjets_Sherpa2p2p1/mm/
364111 /bkg/$(channel)/$(campaign)/Zjets_Sherpa2p2p1/mm/
364112 /bkg/$(channel)/$(campaign)/Zjets_Sherpa2p2p1/mm/
364113 /bkg/$(channel)/$(campaign)/Zjets_Sherpa2p2p1/mm/
364114 /bkg/$(channel)/$(campaign)/Zjets_Sherpa2p2p1/ee/
364115 /bkg/$(channel)/$(campaign)/Zjets_Sherpa2p2p1/ee/
364116 /bkg/$(channel)/$(campaign)/Zjets_Sherpa2p2p1/ee/
364117 /bkg/$(channel)/$(campaign)/Zjets_Sherpa2p2p1/ee/
364118 /bkg/$(channel)/$(campaign)/Zjets_Sherpa2p2p1/ee/
364119 /bkg/$(channel)/$(campaign)/Zjets_Sherpa2p2p1/ee/
364120 /bkg/$(channel)/$(campaign)/Zjets_Sherpa2p2p1/ee/
364121 /bkg/$(channel)/$(campaign)/Zjets_Sherpa2p2p1/ee/
364122 /bkg/$(channel)/$(campaign)/Zjets_Sherpa2p2p1/ee/
364123 /bkg/$(channel)/$(campaign)/Zjets_Sherpa2p2p1/ee/
364124 /bkg/$(channel)/$(campaign)/Zjets_Sherpa2p2p1/ee/
364125 /bkg/$(channel)/$(campaign)/Zjets_Sherpa2p2p1/ee/
364126 /bkg/$(channel)/$(campaign)/Zjets_Sherpa2p2p1/ee/
364127 /bkg/$(channel)/$(campaign)/Zjets_Sherpa2p2p1/ee/
364128 /bkg/$(channel)/$(campaign)/Zjets_Sherpa2p2p1/tt/
364129 /bkg/$(channel)/$(campaign)/Zjets_Sherpa2p2p1/tt/
364130 /bkg/$(channel)/$(campaign)/Zjets_Sherpa2p2p1/tt/
364131 /bkg/$(channel)/$(campaign)/Zjets_Sherpa2p2p1/tt/
364132 /bkg/$(channel)/$(campaign)/Zjets_Sherpa2p2p1/tt/
364133 /bkg/$(channel)/$(campaign)/Zjets_Sherpa2p2p1/tt/
364134 /bkg/$(channel)/$(campaign)/Zjets_Sherpa2p2p1/tt/
364135 /bkg/$(channel)/$(campaign)/Zjets_Sherpa2p2p1/tt/
364136 /bkg/$(channel)/$(campaign)/Zjets_Sherpa2p2p1/tt/
364137 /bkg/$(channel)/$(campaign)/Zjets_Sherpa2p2p1/tt/
364138 /bkg/$(channel)/$(campaign)/Zjets_Sherpa2p2p1/tt/
364139 /bkg/$(channel)/$(campaign)/Zjets_Sherpa2p2p1/tt/
364140 /bkg/$(channel)/$(campaign)/Zjets_Sherpa2p2p1/tt/
364141 /bkg/$(channel)/$(campaign)/Zjets_Sherpa2p2p1/tt/

## Sherpa 2.2.2 ZZ
364250 /bkg/$(channel)/$(campaign)/diboson/NonWW/ZZ/qq/4l/
364288 /bkg/$(channel)/$(campaign)/diboson/NonWW/ZZ/qq/4l/
364283 /bkg/$(channel)/$(campaign)/diboson/NonWW/ZZ/qq/VBS/
345705 /bkg/$(channel)/$(campaign)/diboson/NonWW/ZZ/gg/4l/
345706 /bkg/$(channel)/$(campaign)/diboson/NonWW/ZZ/gg/4l/

## Sherpa 2.2.2 WZ
364253 /bkg/$(channel)/$(campaign)/diboson/NonWW/WZgammaStar/qq/
364289 /bkg/$(channel)/$(campaign)/diboson/NonWW/WZgammaStar/qq/
## Sherpa 2.2.2 qqWW
364254 /bkg/$(channel)/$(campaign)/diboson/WW/qq/

## Sherpa 2.2.2 VVV
364242 /bkg/$(channel)/$(campaign)/triboson/WWW
364243 /bkg/$(channel)/$(campaign)/triboson/WWZ
364244 /bkg/$(channel)/$(campaign)/triboson/WWZ
364245 /bkg/$(channel)/$(campaign)/triboson/WZZ
364246 /bkg/$(channel)/$(campaign)/triboson/WZZ
364247 /bkg/$(channel)/$(campaign)/triboson/ZZZ
364248 /bkg/$(channel)/$(campaign)/triboson/ZZZ
364249 /bkg/$(channel)/$(campaign)/triboson/ZZZ

## ttbar
410472 /bkg/$(channel)/$(campaign)/top/ttbar/

## single top tW
410648 /bkg/$(channel)/$(campaign)/top/singletop/tW/
410649 /bkg/$(channel)/$(campaign)/top/singletop/tW/

## single top tZ
410050 /bkg/$(channel)/$(campaign)/top/singletop/tZ/

## ttbar + W
410155 /bkg/$(channel)/$(campaign)/top/ttW/

## ttbar + Z
410156 /bkg/$(channel)/$(campaign)/top/ttZ/
410157 /bkg/$(channel)/$(campaign)/top/ttZ/
410218 /bkg/$(channel)/$(campaign)/top/ttZ/
410219 /bkg/$(channel)/$(campaign)/top/ttZ/
410220 /bkg/$(channel)/$(campaign)/top/ttZ/

## Sherpa 2.2.2 W+gamma
364521 /bkg/$(channel)/$(campaign)/Vgamma/Wgamma/evg/
364522 /bkg/$(channel)/$(campaign)/Vgamma/Wgamma/evg/
364523 /bkg/$(channel)/$(campaign)/Vgamma/Wgamma/evg/
364524 /bkg/$(channel)/$(campaign)/Vgamma/Wgamma/evg/
364525 /bkg/$(channel)/$(campaign)/Vgamma/Wgamma/evg/
364526 /bkg/$(channel)/$(campaign)/Vgamma/Wgamma/mvg/
364527 /bkg/$(channel)/$(campaign)/Vgamma/Wgamma/mvg/
364528 /bkg/$(channel)/$(campaign)/Vgamma/Wgamma/mvg/
364529 /bkg/$(channel)/$(campaign)/Vgamma/Wgamma/mvg/
364530 /bkg/$(channel)/$(campaign)/Vgamma/Wgamma/mvg/
364531 /bkg/$(channel)/$(campaign)/Vgamma/Wgamma/tvg/
364532 /bkg/$(channel)/$(campaign)/Vgamma/Wgamma/tvg/
364533 /bkg/$(channel)/$(campaign)/Vgamma/Wgamma/tvg/
364534 /bkg/$(channel)/$(campaign)/Vgamma/Wgamma/tvg/
364535 /bkg/$(channel)/$(campaign)/Vgamma/Wgamma/tvg/

## Sherpa 2.2.2 Z+gamma
364500 /bkg/$(channel)/$(campaign)/Vgamma/Zgamma/eeg/
364501 /bkg/$(channel)/$(campaign)/Vgamma/Zgamma/eeg/
364502 /bkg/$(channel)/$(campaign)/Vgamma/Zgamma/eeg/
364503 /bkg/$(channel)/$(campaign)/Vgamma/Zgamma/eeg/
364504 /bkg/$(channel)/$(campaign)/Vgamma/Zgamma/eeg/
364505 /bkg/$(channel)/$(campaign)/Vgamma/Zgamma/mmg/
364506 /bkg/$(channel)/$(campaign)/Vgamma/Zgamma/mmg/
364507 /bkg/$(channel)/$(campaign)/Vgamma/Zgamma/mmg/
364508 /bkg/$(channel)/$(campaign)/Vgamma/Zgamma/mmg/
364509 /bkg/$(channel)/$(campaign)/Vgamma/Zgamma/mmg/
364510 /bkg/$(channel)/$(campaign)/Vgamma/Zgamma/ttg/
364511 /bkg/$(channel)/$(campaign)/Vgamma/Zgamma/ttg/
364512 /bkg/$(channel)/$(campaign)/Vgamma/Zgamma/ttg/
364513 /bkg/$(channel)/$(campaign)/Vgamma/Zgamma/ttg/
364514 /bkg/$(channel)/$(campaign)/Vgamma/Zgamma/ttg/
