### Background
### Diboson
### -- semi-leptonic diboson decays (Sherpa 2.2.1)
363355 /bkg/$(channel)/$(campaign)/Diboson/
363356 /bkg/$(channel)/$(campaign)/Diboson/
363357 /bkg/$(channel)/$(campaign)/Diboson/
363358 /bkg/$(channel)/$(campaign)/Diboson/
363359 /bkg/$(channel)/$(campaign)/Diboson/
363360 /bkg/$(channel)/$(campaign)/Diboson/
363489 /bkg/$(channel)/$(campaign)/Diboson/

### -- fully-leptonic diboson decays (Sherpa 2.2.2)
364250 /bkg/$(channel)/$(campaign)/Diboson/
364253 /bkg/$(channel)/$(campaign)/Diboson/
364254 /bkg/$(channel)/$(campaign)/Diboson/
364255 /bkg/$(channel)/$(campaign)/Diboson/

### Z+jets (Powheg+Pythia8)
### -- Zee
361106 /bkg/$(channel)/$(campaign)/Zjets/ee/inclusive
301000 /bkg/$(channel)/$(campaign)/Zjets/ee/DY
301001 /bkg/$(channel)/$(campaign)/Zjets/ee/DY
301002 /bkg/$(channel)/$(campaign)/Zjets/ee/DY
301003 /bkg/$(channel)/$(campaign)/Zjets/ee/DY
301004 /bkg/$(channel)/$(campaign)/Zjets/ee/DY
301005 /bkg/$(channel)/$(campaign)/Zjets/ee/DY
301006 /bkg/$(channel)/$(campaign)/Zjets/ee/DY
301007 /bkg/$(channel)/$(campaign)/Zjets/ee/DY
301008 /bkg/$(channel)/$(campaign)/Zjets/ee/DY
301009 /bkg/$(channel)/$(campaign)/Zjets/ee/DY
301010 /bkg/$(channel)/$(campaign)/Zjets/ee/DY
301011 /bkg/$(channel)/$(campaign)/Zjets/ee/DY
301012 /bkg/$(channel)/$(campaign)/Zjets/ee/DY
301013 /bkg/$(channel)/$(campaign)/Zjets/ee/DY
301014 /bkg/$(channel)/$(campaign)/Zjets/ee/DY
301015 /bkg/$(channel)/$(campaign)/Zjets/ee/DY
301016 /bkg/$(channel)/$(campaign)/Zjets/ee/DY
301017 /bkg/$(channel)/$(campaign)/Zjets/ee/DY
301018 /bkg/$(channel)/$(campaign)/Zjets/ee/DY

### -- Zmumu
361107 /bkg/$(channel)/$(campaign)/Zjets/mumu/inclusive
301020 /bkg/$(channel)/$(campaign)/Zjets/mumu/DY
301021 /bkg/$(channel)/$(campaign)/Zjets/mumu/DY
301022 /bkg/$(channel)/$(campaign)/Zjets/mumu/DY
301023 /bkg/$(channel)/$(campaign)/Zjets/mumu/DY
301024 /bkg/$(channel)/$(campaign)/Zjets/mumu/DY
301025 /bkg/$(channel)/$(campaign)/Zjets/mumu/DY
301026 /bkg/$(channel)/$(campaign)/Zjets/mumu/DY
301027 /bkg/$(channel)/$(campaign)/Zjets/mumu/DY
301028 /bkg/$(channel)/$(campaign)/Zjets/mumu/DY
301029 /bkg/$(channel)/$(campaign)/Zjets/mumu/DY
301030 /bkg/$(channel)/$(campaign)/Zjets/mumu/DY
301031 /bkg/$(channel)/$(campaign)/Zjets/mumu/DY
301032 /bkg/$(channel)/$(campaign)/Zjets/mumu/DY
301033 /bkg/$(channel)/$(campaign)/Zjets/mumu/DY
301034 /bkg/$(channel)/$(campaign)/Zjets/mumu/DY
301035 /bkg/$(channel)/$(campaign)/Zjets/mumu/DY
301036 /bkg/$(channel)/$(campaign)/Zjets/mumu/DY
301037 /bkg/$(channel)/$(campaign)/Zjets/mumu/DY
301038 /bkg/$(channel)/$(campaign)/Zjets/mumu/DY

### -- Ztautau
361108 /bkg/$(channel)/$(campaign)/Zjets/tautau/inclusive
301040 /bkg/$(channel)/$(campaign)/Zjets/tautau/DY
301041 /bkg/$(channel)/$(campaign)/Zjets/tautau/DY
301042 /bkg/$(channel)/$(campaign)/Zjets/tautau/DY
301043 /bkg/$(channel)/$(campaign)/Zjets/tautau/DY
301044 /bkg/$(channel)/$(campaign)/Zjets/tautau/DY
301045 /bkg/$(channel)/$(campaign)/Zjets/tautau/DY
301046 /bkg/$(channel)/$(campaign)/Zjets/tautau/DY
301047 /bkg/$(channel)/$(campaign)/Zjets/tautau/DY
301048 /bkg/$(channel)/$(campaign)/Zjets/tautau/DY
301049 /bkg/$(channel)/$(campaign)/Zjets/tautau/DY
301050 /bkg/$(channel)/$(campaign)/Zjets/tautau/DY
301051 /bkg/$(channel)/$(campaign)/Zjets/tautau/DY
301052 /bkg/$(channel)/$(campaign)/Zjets/tautau/DY
301053 /bkg/$(channel)/$(campaign)/Zjets/tautau/DY
301054 /bkg/$(channel)/$(campaign)/Zjets/tautau/DY
301055 /bkg/$(channel)/$(campaign)/Zjets/tautau/DY
301056 /bkg/$(channel)/$(campaign)/Zjets/tautau/DY
301057 /bkg/$(channel)/$(campaign)/Zjets/tautau/DY
301058 /bkg/$(channel)/$(campaign)/Zjets/tautau/DY

### W+jets (Sherpa 2.2.1)
### -- Wmunu
364156 /bkg/$(channel)/$(campaign)/Wjets/munu
364157 /bkg/$(channel)/$(campaign)/Wjets/munu
364158 /bkg/$(channel)/$(campaign)/Wjets/munu
364159 /bkg/$(channel)/$(campaign)/Wjets/munu
364160 /bkg/$(channel)/$(campaign)/Wjets/munu
364161 /bkg/$(channel)/$(campaign)/Wjets/munu
364162 /bkg/$(channel)/$(campaign)/Wjets/munu
364163 /bkg/$(channel)/$(campaign)/Wjets/munu
364164 /bkg/$(channel)/$(campaign)/Wjets/munu
364165 /bkg/$(channel)/$(campaign)/Wjets/munu
364166 /bkg/$(channel)/$(campaign)/Wjets/munu
364167 /bkg/$(channel)/$(campaign)/Wjets/munu
364168 /bkg/$(channel)/$(campaign)/Wjets/munu
364169 /bkg/$(channel)/$(campaign)/Wjets/munu
### -- Wenu
364170 /bkg/$(channel)/$(campaign)/Wjets/enu
364171 /bkg/$(channel)/$(campaign)/Wjets/enu
364172 /bkg/$(channel)/$(campaign)/Wjets/enu
364173 /bkg/$(channel)/$(campaign)/Wjets/enu
364174 /bkg/$(channel)/$(campaign)/Wjets/enu
364175 /bkg/$(channel)/$(campaign)/Wjets/enu
364176 /bkg/$(channel)/$(campaign)/Wjets/enu
364177 /bkg/$(channel)/$(campaign)/Wjets/enu
364178 /bkg/$(channel)/$(campaign)/Wjets/enu
364179 /bkg/$(channel)/$(campaign)/Wjets/enu
364180 /bkg/$(channel)/$(campaign)/Wjets/enu
364181 /bkg/$(channel)/$(campaign)/Wjets/enu
364182 /bkg/$(channel)/$(campaign)/Wjets/enu
364183 /bkg/$(channel)/$(campaign)/Wjets/enu
### -- Wtaunu
364184 /bkg/$(channel)/$(campaign)/Wjets/taunu
364185 /bkg/$(channel)/$(campaign)/Wjets/taunu
364186 /bkg/$(channel)/$(campaign)/Wjets/taunu
364187 /bkg/$(channel)/$(campaign)/Wjets/taunu
364188 /bkg/$(channel)/$(campaign)/Wjets/taunu
364189 /bkg/$(channel)/$(campaign)/Wjets/taunu
364190 /bkg/$(channel)/$(campaign)/Wjets/taunu
364191 /bkg/$(channel)/$(campaign)/Wjets/taunu
364192 /bkg/$(channel)/$(campaign)/Wjets/taunu
364193 /bkg/$(channel)/$(campaign)/Wjets/taunu
364194 /bkg/$(channel)/$(campaign)/Wjets/taunu
364195 /bkg/$(channel)/$(campaign)/Wjets/taunu
364196 /bkg/$(channel)/$(campaign)/Wjets/taunu
364197 /bkg/$(channel)/$(campaign)/Wjets/taunu

### Top production
### -- single top 
### -- Nominal: PowhegPythia8
410644 /bkg/$(channel)/$(campaign)/Top/single/nominal/schannel
410645 /bkg/$(channel)/$(campaign)/Top/single/nominal/schannel
410646 /bkg/$(channel)/$(campaign)/Top/single/nominal/tW
410647 /bkg/$(channel)/$(campaign)/Top/single/nominal/tW
410658 /bkg/$(channel)/$(campaign)/Top/single/nominal/tchannel
410659 /bkg/$(channel)/$(campaign)/Top/single/nominal/tchannel
### -- Matrix Element: aMcNloPythia8
412002 /bkg/$(channel)/$(campaign)/Top/single/ME/tW
412004 /bkg/$(channel)/$(campaign)/Top/single/ME/tchannel
412005 /bkg/$(channel)/$(campaign)/Top/single/ME/schannel
### -- Fragmentation/Hadronization model : PowhegHerwig7
411032 /bkg/$(channel)/$(campaign)/Top/single/PS/tchannel
411033 /bkg/$(channel)/$(campaign)/Top/single/PS/tchannel
411034 /bkg/$(channel)/$(campaign)/Top/single/PS/schannel
411035 /bkg/$(channel)/$(campaign)/Top/single/PS/schannel
411036 /bkg/$(channel)/$(campaign)/Top/single/PS/tW
411037 /bkg/$(channel)/$(campaign)/Top/single/PS/tW
### -- Single Top Interference (tW channel)
410655 /bkg/$(channel)/$(campaign)/Top/single/WTInt/tW
410654 /bkg/$(channel)/$(campaign)/Top/single/WTInt/tW

### -- pair production 
### -- Nominal: PowhegPythia8
410470 /bkg/$(channel)/$(campaign)/Top/ttbar/nominal
410471 /bkg/$(channel)/$(campaign)/Top/ttbar/nominal
### -- Matrix Element: aMcNloPythia8
410464 /bkg/$(channel)/$(campaign)/Top/ttbar/ME
410465 /bkg/$(channel)/$(campaign)/Top/ttbar/ME
410466 /bkg/$(channel)/$(campaign)/Top/ttbar/ME
### -- Fragmentation/Hadronization model : PowhegHerwig7
410557 /bkg/$(channel)/$(campaign)/Top/ttbar/PS
410558 /bkg/$(channel)/$(campaign)/Top/ttbar/PS
410559 /bkg/$(channel)/$(campaign)/Top/ttbar/PS
### -- ISR
410480 /bkg/$(channel)/$(campaign)/Top/ttbar/ISRup
410481 /bkg/$(channel)/$(campaign)/Top/ttbar/ISRup
410482 /bkg/$(channel)/$(campaign)/Top/ttbar/ISRup

### Signal
### -- LQtaub (MG5)
## S1Tilde
509359 /sig/$(channel)/$(campaign)/LQ/M400_l1_0
509360 /sig/$(channel)/$(campaign)/LQ/M400_l1_5
509361 /sig/$(channel)/$(campaign)/LQ/M400_l1_7
509362 /sig/$(channel)/$(campaign)/LQ/M400_l2_0
509363 /sig/$(channel)/$(campaign)/LQ/M400_l2_5
509364 /sig/$(channel)/$(campaign)/LQ/M700_l1_0
509365 /sig/$(channel)/$(campaign)/LQ/M700_l1_5
509366 /sig/$(channel)/$(campaign)/LQ/M700_l1_7
509367 /sig/$(channel)/$(campaign)/LQ/M700_l2_0
509368 /sig/$(channel)/$(campaign)/LQ/M700_l2_5
508685 /sig/$(channel)/$(campaign)/LQ/M900_l1_0
509369 /sig/$(channel)/$(campaign)/LQ/M900_l1_5
509370 /sig/$(channel)/$(campaign)/LQ/M900_l1_7
508686 /sig/$(channel)/$(campaign)/LQ/M900_l2_0
509371 /sig/$(channel)/$(campaign)/LQ/M900_l2_5
509372 /sig/$(channel)/$(campaign)/LQ/M1100_l1_0
509373 /sig/$(channel)/$(campaign)/LQ/M1100_l1_5
509374 /sig/$(channel)/$(campaign)/LQ/M1100_l1_7
509375 /sig/$(channel)/$(campaign)/LQ/M1100_l2_0
509376 /sig/$(channel)/$(campaign)/LQ/M1100_l2_5
509377 /sig/$(channel)/$(campaign)/LQ/M1300_l1_0
509378 /sig/$(channel)/$(campaign)/LQ/M1300_l1_5
509379 /sig/$(channel)/$(campaign)/LQ/M1300_l1_7
509380 /sig/$(channel)/$(campaign)/LQ/M1300_l2_0
509381 /sig/$(channel)/$(campaign)/LQ/M1300_l2_5
508989 /sig/$(channel)/$(campaign)/LQ/M1600_l1_0
509382 /sig/$(channel)/$(campaign)/LQ/M1600_l1_5
509383 /sig/$(channel)/$(campaign)/LQ/M1600_l1_7
508990 /sig/$(channel)/$(campaign)/LQ/M1600_l2_0
509384 /sig/$(channel)/$(campaign)/LQ/M1600_l2_5
509385 /sig/$(channel)/$(campaign)/LQ/M1900_l1_0
509386 /sig/$(channel)/$(campaign)/LQ/M1900_l1_5
509387 /sig/$(channel)/$(campaign)/LQ/M1900_l1_7
509388 /sig/$(channel)/$(campaign)/LQ/M1900_l2_0
509389 /sig/$(channel)/$(campaign)/LQ/M1900_l2_5
509390 /sig/$(channel)/$(campaign)/LQ/M2200_l1_0
509391 /sig/$(channel)/$(campaign)/LQ/M2200_l1_5
509392 /sig/$(channel)/$(campaign)/LQ/M2200_l1_7
509393 /sig/$(channel)/$(campaign)/LQ/M2200_l2_0
509394 /sig/$(channel)/$(campaign)/LQ/M2200_l2_5
508687 /sig/$(channel)/$(campaign)/LQ/M2500_l1_0
509395 /sig/$(channel)/$(campaign)/LQ/M2500_l1_5
509396 /sig/$(channel)/$(campaign)/LQ/M2500_l1_7
508688 /sig/$(channel)/$(campaign)/LQ/M2500_l2_0
509397 /sig/$(channel)/$(campaign)/LQ/M2500_l2_5
